 untitled_xpc

 Timestamp is 611534ad (Thu Aug 12 22:48:13 2021)

 Preferred load address is 10000000

 Start         Length     Name                   Class
 0001:00000000 00035a1cH .text                   CODE
 0002:00000000 00000104H .CRT$XCA                DATA
 0002:00000104 00000104H .CRT$XCZ                DATA
 0002:00000208 00000104H .CRT$XIA                DATA
 0002:0000030c 00000113H .CRT$XIC                DATA
 0002:00000420 00000104H .CRT$XIZ                DATA
 0002:00000524 00000104H .CRT$XPA                DATA
 0002:00000628 00000109H .CRT$XPX                DATA
 0002:00000734 00000104H .CRT$XPXA               DATA
 0002:00000838 00000104H .CRT$XPZ                DATA
 0002:0000093c 00000104H .CRT$XTA                DATA
 0002:00000a40 00000104H .CRT$XTZ                DATA
 0002:00000b50 0000682cH .rdata                  DATA
 0002:0000737c 0000018bH .rdata$debug            DATA
 0002:00007510 0000010eH .rdata$sxdata           DATA
 0002:00007620 00000104H .rtc$IAA                DATA
 0002:00007724 00000104H .rtc$IZZ                DATA
 0002:00007828 00000104H .rtc$TAA                DATA
 0002:0000792c 00000104H .rtc$TZZ                DATA
 0002:00007a30 00000991H .xdata$x                DATA
 0002:000083d0 000001e0H .edata                  DATA
 0003:00000000 000019dfH .data                   DATA
 0003:000019e0 00013b80H .bss                    DATA
 0004:00000000 00000014H .idata$2                DATA
 0004:00000014 00000014H .idata$3                DATA
 0004:00000028 000001bcH .idata$4                DATA
 0004:000001e4 000001bcH .idata$5                DATA
 0004:000003a0 000007c3H .idata$6                DATA

  Address         Publics by Value              Rva+Base       Lib:Object

 0000:00000000       __except_list              00000000     <absolute>
 0000:00000003       ___safe_se_handler_count   00000003     <absolute>
 0000:00000000       ___ImageBase               10000000     <linker-defined>
 0001:00000280       _MdlInitialize             10001280 f   untitled.obj
 0001:00000290       _MdlInitializeSampleTimes  10001290 f   untitled.obj
 0001:000002a0       _MdlInitializeSizes        100012a0 f   untitled.obj
 0001:000002b0       _MdlOutputs                100012b0 f   untitled.obj
 0001:000002c0       _MdlStart                  100012c0 f   untitled.obj
 0001:000002d0       _MdlTerminate              100012d0 f   untitled.obj
 0001:000002e0       _MdlUpdate                 100012e0 f   untitled.obj
 0001:000002f0       _untitled                  100012f0 f   untitled.obj
 0001:000006f0       _rtGetInf                  100016f0 f   rtGetInf.obj
 0001:00000720       _rtGetInfF                 10001720 f   rtGetInf.obj
 0001:00000740       _rtGetMinusInf             10001740 f   rtGetInf.obj
 0001:00000770       _rtGetMinusInfF            10001770 f   rtGetInf.obj
 0001:00000790       _rtGetNaN                  10001790 f   rtGetNaN.obj
 0001:000007c0       _rtGetNaNF                 100017c0 f   rtGetNaN.obj
 0001:000010a0       _rt_CreateLogVar           100020a0 f   rt_logging.obj
 0001:00001130       _rt_CreateLogVarWithConvert 10002130 f   rt_logging.obj
 0001:00001b00       _rt_CreateStructLogVar     10002b00 f   rt_logging.obj
 0001:00002910       _rt_GetMxIdFromDTypeId     10003910 f   rt_logging.obj
 0001:00002940       _rt_GetMxIdFromDTypeIdForRSim 10003940 f   rt_logging.obj
 0001:00005230       _rt_StartDataLogging       10006230 f   rt_logging.obj
 0001:000056f0       _rt_StartDataLoggingWithStartTime 100066f0 f   rt_logging.obj
 0001:00006070       _rt_StopDataLogging        10007070 f   rt_logging.obj
 0001:00006090       _rt_StopDataLoggingImpl    10007090 f   rt_logging.obj
 0001:000063b0       _rt_UpdateLogVar           100073b0 f   rt_logging.obj
 0001:000077b0       _rt_UpdateStructLogVar     100087b0 f   rt_logging.obj
 0001:00007840       _rt_UpdateTXXFYLogVars     10008840 f   rt_logging.obj
 0001:00007b80       _rt_UpdateTXYLogVars       10008b80 f   rt_logging.obj
 0001:00007de0       _rt_CleanUpForStateLogWithMMI 10008de0 f   rt_logging_mmi.obj
 0001:00007ef0       _rt_FillStateSigInfoFromMMI 10008ef0 f   rt_logging_mmi.obj
 0001:000082a0       _rtIsInf                   100092a0 f   rt_nonfinite.obj
 0001:000082e0       _rtIsInfF                  100092e0 f   rt_nonfinite.obj
 0001:00008320       _rtIsNaN                   10009320 f   rt_nonfinite.obj
 0001:00008340       _rtIsNaNF                  10009340 f   rt_nonfinite.obj
 0001:00008360       _rt_InitInfAndNaN          10009360 f   rt_nonfinite.obj
 0001:000083c0       _rtwCAPI_CountSysRan       100093c0 f   rtw_modelmap_utils.obj
 0001:00008460       _rtwCAPI_EncodePath        10009460 f   rtw_modelmap_utils.obj
 0001:00008550       _rtwCAPI_FillSysRan        10009550 f   rtw_modelmap_utils.obj
 0001:00008640       _rtwCAPI_FreeFullPaths     10009640 f   rtw_modelmap_utils.obj
 0001:000086d0       _rtwCAPI_GetFullStateBlockPath 100096d0 f   rtw_modelmap_utils.obj
 0001:00008880       _rtwCAPI_GetNumContStateRecords 10009880 f   rtw_modelmap_utils.obj
 0001:00008940       _rtwCAPI_GetNumSigLogRecords 10009940 f   rtw_modelmap_utils.obj
 0001:00008990       _rtwCAPI_GetNumSigLogRecordsForRTWLogging 10009990 f   rtw_modelmap_utils.obj
 0001:00008a20       _rtwCAPI_GetNumStateRecords 10009a20 f   rtw_modelmap_utils.obj
 0001:00008a70       _rtwCAPI_GetNumStateRecordsForRTWLogging 10009a70 f   rtw_modelmap_utils.obj
 0001:00008b00       _rtwCAPI_GetSigAddrFromMap 10009b00 f   rtw_modelmap_utils.obj
 0001:00008bc0       _rtwCAPI_GetSigLogRecordInfo 10009bc0 f   rtw_modelmap_utils.obj
 0001:00008ff0       _rtwCAPI_GetStateRecordInfo 10009ff0 f   rtw_modelmap_utils.obj
 0001:000094a0       _rtwCAPI_GetStateWidth     1000a4a0 f   rtw_modelmap_utils.obj
 0001:00009500       _rtwCAPI_HasStates         1000a500 f   rtw_modelmap_utils.obj
 0001:00009570       _rtwCAPI_UpdateFullPaths   1000a570 f   rtw_modelmap_utils.obj
 0001:00009750       _untitled_GetCAPIStaticMap 1000a750 f   untitled_capi.obj
 0001:00009760       _untitled_InitializeDataMapInfo 1000a760 f   untitled_capi.obj
 0001:000097d0       _DllMain@12                1000a7d0 f   xpctarget.obj
 0001:000097e0       _SLRTSetErrorStatus        1000a7e0 f   xpctarget.obj
 0001:00009800       _changeStepSize            1000a800 f   xpctarget.obj
 0001:00009880       _getDLMVersion             1000a880 f   xpctarget.obj
 0001:00009890       _getRefMdlPath             1000a890 f   xpctarget.obj
 0001:00009910       _getRefMdlSignalNumber     1000a910 f   xpctarget.obj
 0001:000099c0       _getrlmdlinfo              1000a9c0 f   xpctarget.obj
 0001:00009ba0       _untitled_ChangeStepSize   1000aba0 f   xpctarget.obj
 0001:00009c10       _updateDiscreteEvents      1000ac10 f   xpctarget.obj
 0001:00009c20       _getNumRef                 1000ac20 f   appmappingData.obj
 0001:00009c30       _GetPCIDeviceFull          1000ac30 f   xpcruntime:xpcimports.obj
 0001:00009c60       _ShowPCIDevice             1000ac60 f   xpcruntime:xpcimports.obj
 0001:0000a2d0       _xpcGetPciConfigAtSlot     1000b2d0 f   xpcruntime:xpcimports.obj
 0001:0000a560       _xpcInitProcs              1000b560 f   xpcruntime:xpcimports.obj
 0001:0000b300       _xpceuploadevent           1000c300 f   xpcruntime:xpcimports.obj
 0001:0000b301       __heap_alloc               1000c301 f i LIBCMT:malloc.obj
 0001:0000b33e       _malloc                    1000c33e f   LIBCMT:malloc.obj
 0001:0000b3d0       _memset                    1000c3d0 f   LIBCMT:memset.obj
 0001:0000b460       __fpmath                   1000c460 f   LIBCMT:fpinit.obj
 0001:0000b477       ___setfflag                1000c477 f   LIBCMT:fpinit.obj
 0001:0000b48a       __cfltcvt_init             1000c48a f   LIBCMT:fpinit.obj
 0001:0000b4ea       ___raise_securityfailure   1000c4ea f   LIBCMT:gs_report.obj
 0001:0000b527       ___report_gsfailure        1000c527 f   LIBCMT:gs_report.obj
 0001:0000b620       ___report_rangecheckfailure 1000c620 f   LIBCMT:gs_report.obj
 0001:0000b62c       ___report_securityfailure  1000c62c f   LIBCMT:gs_report.obj
 0001:0000b6fa       ___report_securityfailureEx 1000c6fa f   LIBCMT:gs_report.obj
 0001:0000b80e       ___copy_path_to_wide_string 1000c80e f   LIBCMT:crt0dat.obj
 0001:0000b8be       ___crtCorExitProcess       1000c8be f   LIBCMT:crt0dat.obj
 0001:0000b8f0       ___crtExitProcess          1000c8f0 f   LIBCMT:crt0dat.obj
 0001:0000b906       ___freeCrtMemory           1000c906 f   LIBCMT:crt0dat.obj
 0001:0000ba0d       __amsg_exit                1000ca0d f   LIBCMT:crt0dat.obj
 0001:0000ba29       __c_exit                   1000ca29 f   LIBCMT:crt0dat.obj
 0001:0000ba38       __cexit                    1000ca38 f   LIBCMT:crt0dat.obj
 0001:0000ba47       __cinit                    1000ca47 f   LIBCMT:crt0dat.obj
 0001:0000bad8       __exit                     1000cad8 f   LIBCMT:crt0dat.obj
 0001:0000baec       __get_pgmptr               1000caec f   LIBCMT:crt0dat.obj
 0001:0000bb1b       __get_wpgmptr              1000cb1b f   LIBCMT:crt0dat.obj
 0001:0000bb4a       __init_pointers            1000cb4a f   LIBCMT:crt0dat.obj
 0001:0000bb9a       __initterm_e               1000cb9a f   LIBCMT:crt0dat.obj
 0001:0000bbbc       __lockexit                 1000cbbc f   LIBCMT:crt0dat.obj
 0001:0000bbc5       __unlockexit               1000cbc5 f   LIBCMT:crt0dat.obj
 0001:0000bcfd       _exit                      1000ccfd f   LIBCMT:crt0dat.obj
 0001:0000bd11       _calloc                    1000cd11 f   LIBCMT:calloc.obj
 0001:0000bd4f       _free                      1000cd4f f   LIBCMT:free.obj
 0001:0000bd87       _realloc                   1000cd87 f   LIBCMT:realloc.obj
 0001:0000be40       _memmove                   1000ce40 f   LIBCMT:memmove.obj
 0001:0000c490       _strchr                    1000d490 f   LIBCMT:strchr.obj
 0001:0000c4fe       ___from_strstr_to_strchr   1000d4fe     LIBCMT:strchr.obj
 0001:0000c5c0       _strncat                   1000d5c0 f   LIBCMT:strncat.obj
 0001:0000c700       _strncpy                   1000d700 f   LIBCMT:strncpy.obj
 0001:0000c824       ___initstdio               1000d824 f   LIBCMT:_file.obj
 0001:0000c897       ___endstdio                1000d897 f   LIBCMT:_file.obj
 0001:0000c8be       ___iob_func                1000d8be f   LIBCMT:_file.obj
 0001:0000c8c4       __lock_file                1000d8c4 f   LIBCMT:_file.obj
 0001:0000c903       __lock_file2               1000d903 f   LIBCMT:_file.obj
 0001:0000c933       __unlock_file              1000d933 f   LIBCMT:_file.obj
 0001:0000c96d       __unlock_file2             1000d96d f   LIBCMT:_file.obj
 0001:0000c99a       __fclose_nolock            1000d99a f   LIBCMT:fclose.obj
 0001:0000ca06       _fclose                    1000da06 f   LIBCMT:fclose.obj
 0001:0000ca7d       __fsopen                   1000da7d f   LIBCMT:fopen.obj
 0001:0000cb41       _fopen                     1000db41 f   LIBCMT:fopen.obj
 0001:0000cb56       _fopen_s                   1000db56 f   LIBCMT:fopen.obj
 0001:0000cb9b       __fprintf_l                1000db9b f   LIBCMT:fprintf.obj
 0001:0000cbb5       __fprintf_p                1000dbb5 f   LIBCMT:fprintf.obj
 0001:0000cbce       __fprintf_p_l              1000dbce f   LIBCMT:fprintf.obj
 0001:0000cbe8       __fprintf_s_l              1000dbe8 f   LIBCMT:fprintf.obj
 0001:0000cc02       _fprintf                   1000dc02 f   LIBCMT:fprintf.obj
 0001:0000cd1d       _fprintf_s                 1000dd1d f   LIBCMT:fprintf.obj
 0001:0000cd36       __fread_nolock             1000dd36 f   LIBCMT:fread.obj
 0001:0000cd51       __fread_nolock_s           1000dd51 f   LIBCMT:fread.obj
 0001:0000cf14       _fread                     1000df14 f   LIBCMT:fread.obj
 0001:0000cf2f       _fread_s                   1000df2f f   LIBCMT:fread.obj
 0001:0000cfc0       __fwrite_nolock            1000dfc0 f   LIBCMT:fwrite.obj
 0001:0000d117       _fwrite                    1000e117 f   LIBCMT:fwrite.obj
 0001:0000d195       __get_printf_count_output  1000e195 f   LIBCMT:printf.obj
 0001:0000d1aa       __printf_l                 1000e1aa f   LIBCMT:printf.obj
 0001:0000d1c1       __printf_p                 1000e1c1 f   LIBCMT:printf.obj
 0001:0000d1d7       __printf_p_l               1000e1d7 f   LIBCMT:printf.obj
 0001:0000d1ee       __printf_s_l               1000e1ee f   LIBCMT:printf.obj
 0001:0000d205       __set_printf_count_output  1000e205 f   LIBCMT:printf.obj
 0001:0000d22d       _printf                    1000e22d f   LIBCMT:printf.obj
 0001:0000d2d9       _printf_s                  1000e2d9 f   LIBCMT:printf.obj
 0001:0000d2ef       __unlink                   1000e2ef f   LIBCMT:unlink.obj
 0001:0000d2f8       _remove                    1000e2f8 f   LIBCMT:unlink.obj
 0001:0000d338       _rewind                    1000e338 f   LIBCMT:rewind.obj
 0001:0000d400       __scprintf                 1000e400 f   LIBCMT:sprintf.obj
 0001:0000d413       __scprintf_l               1000e413 f   LIBCMT:sprintf.obj
 0001:0000d42a       __scprintf_p               1000e42a f   LIBCMT:sprintf.obj
 0001:0000d43d       __scprintf_p_l             1000e43d f   LIBCMT:sprintf.obj
 0001:0000d454       __snprintf_s               1000e454 f   LIBCMT:sprintf.obj
 0001:0000d473       __snprintf_s_l             1000e473 f   LIBCMT:sprintf.obj
 0001:0000d493       __sprintf_l                1000e493 f   LIBCMT:sprintf.obj
 0001:0000d4ad       __sprintf_p                1000e4ad f   LIBCMT:sprintf.obj
 0001:0000d4c9       __sprintf_p_l              1000e4c9 f   LIBCMT:sprintf.obj
 0001:0000d4e6       __sprintf_s_l              1000e4e6 f   LIBCMT:sprintf.obj
 0001:0000d503       _sprintf                   1000e503 f   LIBCMT:sprintf.obj
 0001:0000d585       _sprintf_s                 1000e585 f   LIBCMT:sprintf.obj
 0001:0000d5a1       _ldexp                     1000e5a1 f   LIBCMT:ldexp.obj
 0001:0000d789       @__security_check_cookie@4 1000e789 f   LIBCMT:secchk.obj
 0001:0000d7a0       _memcpy                    1000e7a0 f   LIBCMT:memcpy.obj
 0001:0000dde4       ___isa_available_init      1000ede4 f   LIBCMT:cpu_disp.obj
 0001:0000df1d       __invoke_watson_if_error   1000ef1d f i LIBCMT:wassert.obj
 0001:0000df3d       __wassert                  1000ef3d f   LIBCMT:wassert.obj
 0001:0000e5df       __CRT_INIT@12              1000f5df f   LIBCMT:dllcrt0.obj
 0001:0000e74b       __DllMainCRTStartup@12     1000f74b f   LIBCMT:dllcrt0.obj
 0001:0000e87c       ___DllXcptFilter           1000f87c f   LIBCMT:dllcrt0.obj
 0001:0000e8a1       ?_query_new_handler@@YAP6AHI@ZXZ 1000f8a1 f   LIBCMT:handler.obj
 0001:0000e8ae       ?_set_new_handler@@YAP6AHI@ZH@Z 1000f8ae f   LIBCMT:handler.obj
 0001:0000e8b7       ?_set_new_handler@@YAP6AHI@ZP6AHI@Z@Z 1000f8b7 f   LIBCMT:handler.obj
 0001:0000e8ec       __callnewh                 1000f8ec f   LIBCMT:handler.obj
 0001:0000e912       __initp_heap_handler       1000f912 f   LIBCMT:handler.obj
 0001:0000e91f       __FF_MSGBANNER             1000f91f f   LIBCMT:crt0msg.obj
 0001:0000e958       __GET_RTERRMSG             1000f958 f   LIBCMT:crt0msg.obj
 0001:0000e97c       __NMSG_WRITE               1000f97c f   LIBCMT:crt0msg.obj
 0001:0000eb37       ___doserrno                1000fb37 f   LIBCMT:dosmap.obj
 0001:0000eb4a       __dosmaperr                1000fb4a f   LIBCMT:dosmap.obj
 0001:0000eb6b       __errno                    1000fb6b f   LIBCMT:dosmap.obj
 0001:0000eb7e       __get_doserrno             1000fb7e f   LIBCMT:dosmap.obj
 0001:0000eba1       __get_errno                1000fba1 f   LIBCMT:dosmap.obj
 0001:0000ebc4       __get_errno_from_oserr     1000fbc4 f   LIBCMT:dosmap.obj
 0001:0000ec05       __set_doserrno             1000fc05 f   LIBCMT:dosmap.obj
 0001:0000ec24       __set_errno                1000fc24 f   LIBCMT:dosmap.obj
 0001:0000ec43       __get_heap_handle          1000fc43 f   LIBCMT:heapinit.obj
 0001:0000ec49       __heap_init                1000fc49 f   LIBCMT:heapinit.obj
 0001:0000ec5e       __heap_term                1000fc5e f   LIBCMT:heapinit.obj
 0001:0000ec66       __VEC_memset               1000fc66 f   LIBCMT:p4_memset.obj
 0001:0000ed2e       ??0_LocaleUpdate@@QAE@PAUlocaleinfo_struct@@@Z 1000fd2e f i LIBCMT:cvt.obj
 0001:0000edb6       ??1_LocaleUpdate@@QAE@XZ   1000fdb6 f i LIBCMT:cvt.obj
 0001:0000edc4       ?GetLocaleT@_LocaleUpdate@@QAEPAUlocaleinfo_struct@@XZ 1000fdc4 f i LIBCMT:cvt.obj
 0001:0000edc7       ?strrchr@@YAPADPADH@Z      1000fdc7 f i LIBCMT:cvt.obj
 0001:0000edd0       __cfltcvt                  1000fdd0 f   LIBCMT:cvt.obj
 0001:0000edf1       __cfltcvt_l                1000fdf1 f   LIBCMT:cvt.obj
 0001:0000ee77       __cftoa                    1000fe77 f   LIBCMT:cvt.obj
 0001:0000ee95       __cftoa_l                  1000fe95 f   LIBCMT:cvt.obj
 0001:0000f1ef       __cftoe                    100101ef f   LIBCMT:cvt.obj
 0001:0000f35c       __cftoe_l                  1001035c f   LIBCMT:cvt.obj
 0001:0000f428       __cftof                    10010428 f   LIBCMT:cvt.obj
 0001:0000f52d       __cftof_l                  1001052d f   LIBCMT:cvt.obj
 0001:0000f5ec       __cftog                    100105ec f   LIBCMT:cvt.obj
 0001:0000f60a       __cftog_l                  1001060a f   LIBCMT:cvt.obj
 0001:0000f707       __cropzeros                10010707 f   LIBCMT:cvt.obj
 0001:0000f718       __cropzeros_l              10010718 f   LIBCMT:cvt.obj
 0001:0000f796       __fassign                  10010796 f   LIBCMT:cvt.obj
 0001:0000f7ae       __fassign_l                100107ae f   LIBCMT:cvt.obj
 0001:0000f7ee       __forcdecpt                100107ee f   LIBCMT:cvt.obj
 0001:0000f7ff       __forcdecpt_l              100107ff f   LIBCMT:cvt.obj
 0001:0000f871       __positive                 10010871 f   LIBCMT:cvt.obj
 0001:0000f8b3       __setdefaultprecision      100108b3 f   LIBCMT:fp8.obj
 0001:0000f8da       __initp_misc_cfltcvt_tab   100108da f   LIBCMT:cmiscdat.obj
 0001:0000f8f9       __crt_debugger_hook        100108f9 f   LIBCMT:dbghook.obj
 0001:0000f93a       ___crtFlsAlloc             1001093a f   LIBCMT:winapisupp.obj
 0001:0000f948       ___crtFlsFree              10010948 f   LIBCMT:winapisupp.obj
 0001:0000f956       ___crtFlsGetValue          10010956 f   LIBCMT:winapisupp.obj
 0001:0000f964       ___crtFlsSetValue          10010964 f   LIBCMT:winapisupp.obj
 0001:0000f975       ___crtGetShowWindowMode    10010975 f   LIBCMT:winapisupp.obj
 0001:0000f996       ___crtIsPackagedApp        10010996 f   LIBCMT:winapisupp.obj
 0001:0000f9e2       ___crtSetUnhandledExceptionFilter 100109e2 f   LIBCMT:winapisupp.obj
 0001:0000f9f0       ___crtTerminateProcess     100109f0 f   LIBCMT:winapisupp.obj
 0001:0000fa05       ___crtUnhandledException   10010a05 f   LIBCMT:winapisupp.obj
 0001:0000fa1b       ?_invalid_parameter@@YAXPBG00II@Z 10010a1b f   LIBCMT:invarg.obj
 0001:0000fa20       ?_invoke_watson@@YAXPBG00II@Z 10010a20 f   LIBCMT:invarg.obj
 0001:0000fa38       __call_reportfault         10010a38 f   LIBCMT:invarg.obj
 0001:0000fb5b       __get_invalid_parameter_handler 10010b5b f   LIBCMT:invarg.obj
 0001:0000fb68       __initp_misc_invarg        10010b68 f   LIBCMT:invarg.obj
 0001:0000fb75       __invalid_parameter        10010b75 f   LIBCMT:invarg.obj
 0001:0000fba0       __invalid_parameter_noinfo 10010ba0 f   LIBCMT:invarg.obj
 0001:0000fbb0       __invalid_parameter_noinfo_noreturn 10010bb0 f   LIBCMT:invarg.obj
 0001:0000fbcb       __invoke_watson            10010bcb f   LIBCMT:invarg.obj
 0001:0000fbf6       __set_invalid_parameter_handler 10010bf6 f   LIBCMT:invarg.obj
 0001:0000fc1b       __RTC_Initialize           10010c1b f   LIBCMT:initsect.obj
 0001:0000fc3b       __RTC_Terminate            10010c3b f   LIBCMT:initsect.obj
 0001:0000fc5b       __lock                     10010c5b f   LIBCMT:mlock.obj
 0001:0000fc8f       __lockerr_exit             10010c8f f   LIBCMT:mlock.obj
 0001:0000fcaf       __mtdeletelocks            10010caf f   LIBCMT:mlock.obj
 0001:0000fd03       __mtinitlocknum            10010d03 f   LIBCMT:mlock.obj
 0001:0000fdaa       __mtinitlocks              10010daa f   LIBCMT:mlock.obj
 0001:0000fddf       __unlock                   10010ddf f   LIBCMT:mlock.obj
 0001:0000fe00       __FindPESection            10010e00 f   LIBCMT:pesect.obj
 0001:0000fe50       __IsNonwritableInCurrentImage 10010e50 f   LIBCMT:pesect.obj
 0001:0000ff10       __ValidateImageBase        10010f10 f   LIBCMT:pesect.obj
 0001:0000ff41       ___onexitinit              10010f41 f   LIBCMT:onexit.obj
 0001:0000ff70       __onexit                   10010f70 f   LIBCMT:onexit.obj
 0001:00010066       _atexit                    10011066 f   LIBCMT:onexit.obj
 0001:0001007b       __calloc_crt               1001107b f   LIBCMT:crtheap.obj
 0001:000100c5       __malloc_crt               100110c5 f   LIBCMT:crtheap.obj
 0001:0001010e       __realloc_crt              1001110e f   LIBCMT:crtheap.obj
 0001:0001015a       __recalloc_crt             1001115a f   LIBCMT:crtheap.obj
 0001:000101aa       __set_malloc_crt_max_wait  100111aa f   LIBCMT:crtheap.obj
 0001:000101bd       _wait_a_bit                100111bd f i LIBCMT:crtheap.obj
 0001:000101e1       ?_inconsistency@@YAXXZ     100111e1 f   LIBCMT:hooks.obj
 0001:00010219       ?terminate@@YAXXZ          10011219 f   LIBCMT:hooks.obj
 0001:0001024d       ?unexpected@@YAXXZ         1001124d f   LIBCMT:hooks.obj
 0001:00010260       __initp_eh_hooks           10011260 f   LIBCMT:hooks.obj
 0001:00010271       ___getlocaleinfo           10011271 f   LIBCMT:inithelp.obj
 0001:00010448       __initp_misc_purevirt      10011448 f   LIBCMT:inithelp.obj
 0001:00010455       __initp_misc_rand_s        10011455 f   LIBCMT:rand_s.obj
 0001:00010462       _rand_s                    10011462 f   LIBCMT:rand_s.obj
 0001:00010570       ___fpecode                 10011570 f   LIBCMT:winsig.obj
 0001:00010579       ___get_sigabrt             10011579 f   LIBCMT:winsig.obj
 0001:00010586       ___pxcptinfoptrs           10011586 f   LIBCMT:winsig.obj
 0001:0001058f       __initp_misc_winsig        1001158f f   LIBCMT:winsig.obj
 0001:00010644       _raise                     10011644 f   LIBCMT:winsig.obj
 0001:00010835       _signal                    10011835 f   LIBCMT:winsig.obj
 0001:00010a90       __SEH_prolog4              10011a90 f   LIBCMT:sehprolg4.obj
 0001:00010ad5       __SEH_epilog4              10011ad5 f   LIBCMT:sehprolg4.obj
 0001:00010b30       __except_handler4          10011b30 f   LIBCMT:chandler4.obj
 0001:00010cc5       ___initmbctable            10011cc5 f   LIBCMT:mbctype.obj
 0001:00010f80       ___updatetmbcinfo          10011f80 f   LIBCMT:mbctype.obj
 0001:00011025       __getmbcp                  10012025 f   LIBCMT:mbctype.obj
 0001:00011054       __setmbcp                  10012054 f   LIBCMT:mbctype.obj
 0001:00011202       __setmbcp_nolock           10012202 f   LIBCMT:mbctype.obj
 0001:000113f7       __ftbuf                    100123f7 f   LIBCMT:_sftbuf.obj
 0001:00011428       __stbuf                    10012428 f   LIBCMT:_sftbuf.obj
 0001:000114ce       __calloc_impl              100124ce f   LIBCMT:calloc_impl.obj
 0001:00011548       __fcloseall                10012548 f   LIBCMT:closeall.obj
 0001:000115e5       __fflush_nolock            100125e5 f   LIBCMT:fflush.obj
 0001:0001162b       __flush                    1001262b f   LIBCMT:fflush.obj
 0001:0001168f       __flushall                 1001268f f   LIBCMT:fflush.obj
 0001:00011698       _fflush                    10012698 f   LIBCMT:fflush.obj
 0001:000117d1       __fileno                   100127d1 f   LIBCMT:fileno.obj
 0001:000117f5       __close                    100127f5 f   LIBCMT:close.obj
 0001:000118cc       __close_nolock             100128cc f   LIBCMT:close.obj
 0001:00011974       __freebuf                  10012974 f   LIBCMT:_freebuf.obj
 0001:000119a4       __getstream                100129a4 f   LIBCMT:stream.obj
 0001:00011abc       __openfile                 10012abc f   LIBCMT:_open.obj
 0001:00011d40       __local_unwind4            10012d40 f   LIBCMT:exsup4.obj
 0001:00011e16       __seh_longjmp_unwind4@4    10012e16 f   LIBCMT:exsup4.obj
 0001:00011e32       @_EH4_CallFilterFunc@8     10012e32 f   LIBCMT:exsup4.obj
 0001:00011e49       @_EH4_TransferToHandler@8  10012e49 f   LIBCMT:exsup4.obj
 0001:00011e62       @_EH4_GlobalUnwind2@8      10012e62 f   LIBCMT:exsup4.obj
 0001:00011e7b       @_EH4_LocalUnwind@16       10012e7b f   LIBCMT:exsup4.obj
 0001:00011e92       __vfprintf_l               10012e92 f   LIBCMT:vfprintf.obj
 0001:00011eb0       __vfprintf_p               10012eb0 f   LIBCMT:vfprintf.obj
 0001:00011ecd       __vfprintf_p_l             10012ecd f   LIBCMT:vfprintf.obj
 0001:00011eeb       __vfprintf_s_l             10012eeb f   LIBCMT:vfprintf.obj
 0001:00011f09       _vfprintf                  10012f09 f   LIBCMT:vfprintf.obj
 0001:00011f26       _vfprintf_helper           10012f26 f   LIBCMT:vfprintf.obj
 0001:00012040       _vfprintf_s                10013040 f   LIBCMT:vfprintf.obj
 0001:0001205d       __output_l                 1001305d f   LIBCMT:output.obj
 0001:00012c01       _get_int64_arg             10013c01 f i LIBCMT:output.obj
 0001:00012c14       _get_int_arg               10013c14 f i LIBCMT:output.obj
 0001:00012c24       _get_short_arg             10013c24 f i LIBCMT:output.obj
 0001:00012d1f       __ioinit                   10013d1f f   LIBCMT:ioinit.obj
 0001:00012d3b       __ioinit0                  10013d3b f   LIBCMT:ioinit.obj
 0001:00012d5a       __ioinitCallback@12        10013d5a f   LIBCMT:ioinit.obj
 0001:00013027       __ioterm                   10014027 f   LIBCMT:ioinit.obj
 0001:00013079       __filbuf                   10014079 f   LIBCMT:_filbuf.obj
 0001:000131a7       _memcpy_s                  100141a7 f   LIBCMT:memcpy_s.obj
 0001:00013226       __read                     10014226 f   LIBCMT:read.obj
 0001:0001333b       __read_nolock              1001433b f   LIBCMT:read.obj
 0001:00013ad5       __flsbuf                   10014ad5 f   LIBCMT:_flsbuf.obj
 0001:00013c31       __write                    10014c31 f   LIBCMT:write.obj
 0001:00013d20       __write_nolock             10014d20 f   LIBCMT:write.obj
 0001:0001459c       __vprintf_l                1001559c f   LIBCMT:vprintf.obj
 0001:000145b7       __vprintf_p                100155b7 f   LIBCMT:vprintf.obj
 0001:000145d1       __vprintf_p_l              100155d1 f   LIBCMT:vprintf.obj
 0001:000145ec       __vprintf_s_l              100155ec f   LIBCMT:vprintf.obj
 0001:00014607       _vprintf                   10015607 f   LIBCMT:vprintf.obj
 0001:00014621       _vprintf_helper            10015621 f   LIBCMT:vprintf.obj
 0001:000146aa       _vprintf_s                 100156aa f   LIBCMT:vprintf.obj
 0001:000146c4       __wremove                  100156c4 f   LIBCMT:wunlink.obj
 0001:000146f2       __wunlink                  100156f2 f   LIBCMT:wunlink.obj
 0001:000146fb       __lseek                    100156fb f   LIBCMT:lseek.obj
 0001:000147ea       __lseek_nolock             100157ea f   LIBCMT:lseek.obj
 0001:0001485c       __vscprintf                1001585c f   LIBCMT:vsprintf.obj
 0001:00014876       __vscprintf_helper         10015876 f   LIBCMT:vsprintf.obj
 0001:000148d0       __vscprintf_l              100158d0 f   LIBCMT:vsprintf.obj
 0001:000148eb       __vscprintf_p              100158eb f   LIBCMT:vsprintf.obj
 0001:00014905       __vscprintf_p_l            10015905 f   LIBCMT:vsprintf.obj
 0001:00014920       __vsprintf_l               10015920 f   LIBCMT:vsprintf.obj
 0001:000149a2       _vsprintf                  100159a2 f   LIBCMT:vsprintf.obj
 0001:000149ba       __vsnprintf_c              100159ba f   LIBCMT:vsnprnc.obj
 0001:000149e1       __vsnprintf_c_l            100159e1 f   LIBCMT:vsnprnc.obj
 0001:00014a09       __vsnprintf_helper         10015a09 f   LIBCMT:vsnprnc.obj
 0001:00014ad1       __vsnprintf_s              10015ad1 f   LIBCMT:vsnprnc.obj
 0001:00014aef       __vsnprintf_s_l            10015aef f   LIBCMT:vsnprnc.obj
 0001:00014bea       __vsprintf_p               10015bea f   LIBCMT:vsnprnc.obj
 0001:00014c11       __vsprintf_p_l             10015c11 f   LIBCMT:vsnprnc.obj
 0001:00014c39       __vsprintf_s_l             10015c39 f   LIBCMT:vsnprnc.obj
 0001:00014cae       _vsprintf_s                10015cae f   LIBCMT:vsnprnc.obj
 0001:00014cc9       __chgsign                  10015cc9 f   LIBCMT:ieeemisc.obj
 0001:00014cf4       __copysign                 10015cf4 f   LIBCMT:ieeemisc.obj
 0001:00014d1a       __finite                   10015d1a f   LIBCMT:ieeemisc.obj
 0001:00014d32       __fpclass                  10015d32 f   LIBCMT:ieeemisc.obj
 0001:00014dce       __isnan                    10015dce f   LIBCMT:ieeemisc.obj
 0001:00014e02       __logb                     10015e02 f   LIBCMT:ieeemisc.obj
 0001:00014edf       __nextafter                10015edf f   LIBCMT:ieeemisc.obj
 0001:0001517d       __scalb                    1001617d f   LIBCMT:ieeemisc.obj
 0001:00015195       __add_exp                  10016195 f   LIBCMT:util.obj
 0001:000151c2       __decomp                   100161c2 f   LIBCMT:util.obj
 0001:00015294       __get_exp                  10016294 f   LIBCMT:util.obj
 0001:000152ab       __set_bexp                 100162ab f   LIBCMT:util.obj
 0001:000152d0       __set_exp                  100162d0 f   LIBCMT:util.obj
 0001:000152fb       __sptype                   100162fb f   LIBCMT:util.obj
 0001:00015357       __errcode                  10016357 f   LIBCMT:fpexcept.obj
 0001:00015389       __except1                  10016389 f   LIBCMT:fpexcept.obj
 0001:00015451       __except2                  10016451 f   LIBCMT:fpexcept.obj
 0001:00015551       __handle_exc               10016551 f   LIBCMT:fpexcept.obj
 0001:0001572d       __handle_qnan1             1001672d f   LIBCMT:fpexcept.obj
 0001:0001577d       __handle_qnan2             1001677d f   LIBCMT:fpexcept.obj
 0001:000157dd       __raise_exc                100167dd f   LIBCMT:fpexcept.obj
 0001:000157fe       __raise_exc_ex             100167fe f   LIBCMT:fpexcept.obj
 0001:00015ae3       __raise_excf               10016ae3 f   LIBCMT:fpexcept.obj
 0001:00015b04       __set_errno_from_matherr   10016b04 f   LIBCMT:fpexcept.obj
 0001:00015b31       __umatherr                 10016b31 f   LIBCMT:fpexcept.obj
 0001:00015bcf       ___clrfp_sse2              10016bcf f   LIBCMT:fpctrl.obj
 0001:00015bf0       ___ctrlfp_sse2             10016bf0 f   LIBCMT:fpctrl.obj
 0001:00015c29       ___fclrf_sse2              10016c29 f   LIBCMT:fpctrl.obj
 0001:00015c44       ___get_fpsr_sse2           10016c44 f   LIBCMT:fpctrl.obj
 0001:00015c5e       ___set_fpsr_sse2           10016c5e f   LIBCMT:fpctrl.obj
 0001:00015cd4       ___set_statfp_sse2         10016cd4 f   LIBCMT:fpctrl.obj
 0001:00015ced       ___statfp_sse2             10016ced f   LIBCMT:fpctrl.obj
 0001:00015d02       __clrfp                    10016d02 f   LIBCMT:fpctrl.obj
 0001:00015d11       __ctrlfp                   10016d11 f   LIBCMT:fpctrl.obj
 0001:00015d3a       __set_statfp               10016d3a f   LIBCMT:fpctrl.obj
 0001:00015d90       __statfp                   10016d90 f   LIBCMT:fpctrl.obj
 0001:00015d9e       _wcscat_s                  10016d9e f   LIBCMT:wcscat_s.obj
 0001:00015e0a       _wcscpy_s                  10016e0a f   LIBCMT:wcscpy_s.obj
 0001:00015e66       _wcslen                    10016e66 f   LIBCMT:wcslen.obj
 0001:00015e7f       _wcsncat_s                 10016e7f f   LIBCMT:wcsncat_s.obj
 0001:00015f4d       __set_abort_behavior       10016f4d f   LIBCMT:abort.obj
 0001:00015f6c       _abort                     10016f6c f   LIBCMT:abort.obj
 0001:00015faf       ___set_app_type            10016faf f   LIBCMT:errmode.obj
 0001:00015fbc       __set_error_mode           10016fbc f   LIBCMT:errmode.obj
 0001:00016116       __i64tow_s                 10017116 f   LIBCMT:xtows.obj
 0001:00016147       __itow_s                   10017147 f   LIBCMT:xtows.obj
 0001:00016170       __ltow_s                   10017170 f   LIBCMT:xtows.obj
 0001:0001619a       __ui64tow_s                1001719a f   LIBCMT:xtows.obj
 0001:000161b5       __ultow_s                  100171b5 f   LIBCMT:xtows.obj
 0001:000162c0       _setvbuf                   100172c0 f   LIBCMT:setvbuf.obj
 0001:000163c6       __fwprintf_l               100173c6 f   LIBCMT:fwprintf.obj
 0001:000163e0       __fwprintf_p               100173e0 f   LIBCMT:fwprintf.obj
 0001:000163f9       __fwprintf_p_l             100173f9 f   LIBCMT:fwprintf.obj
 0001:00016413       __fwprintf_s_l             10017413 f   LIBCMT:fwprintf.obj
 0001:0001642d       _fwprintf                  1001742d f   LIBCMT:fwprintf.obj
 0001:000164be       _fwprintf_s                100174be f   LIBCMT:fwprintf.obj
 0001:000164d7       __vsnwprintf_s             100174d7 f   LIBCMT:vswprnc.obj
 0001:000164f5       __vsnwprintf_s_l           100174f5 f   LIBCMT:vswprnc.obj
 0001:000165f4       __vswprintf_c              100175f4 f   LIBCMT:vswprnc.obj
 0001:0001661b       __vswprintf_c_l            1001761b f   LIBCMT:vswprnc.obj
 0001:00016643       __vswprintf_helper         10017643 f   LIBCMT:vswprnc.obj
 0001:0001673c       __vswprintf_p              1001773c f   LIBCMT:vswprnc.obj
 0001:00016763       __vswprintf_p_l            10017763 f   LIBCMT:vswprnc.obj
 0001:0001678b       __vswprintf_s_l            1001778b f   LIBCMT:vswprnc.obj
 0001:00016802       _vswprintf_s               10017802 f   LIBCMT:vswprnc.obj
 0001:0001681d       ___crtMessageBoxW          1001781d f   LIBCMT:crtmboxw.obj
 0001:000169ff       ___crtMessageBoxWaitThreadW@4 100179ff f   LIBCMT:crtmboxw.obj
 0001:00016a1d       __XcptFilter               10017a1d f   LIBCMT:winxfltr.obj
 0001:00016b78       ___CppXcptFilter           10017b78 f   LIBCMT:winxfltr.obj
 0001:00016bca       ___get_flsindex            10017bca f   LIBCMT:tidtable.obj
 0001:00016bd0       ___threadhandle            10017bd0 f   LIBCMT:tidtable.obj
 0001:00016bd6       ___threadid                10017bd6 f   LIBCMT:tidtable.obj
 0001:00016bdc       __freefls@4                10017bdc f   LIBCMT:tidtable.obj
 0001:00016d13       __freeptd                  10017d13 f   LIBCMT:tidtable.obj
 0001:00016d49       __getptd                   10017d49 f   LIBCMT:tidtable.obj
 0001:00016d61       __getptd_noexit            10017d61 f   LIBCMT:tidtable.obj
 0001:00016dd0       __initptd                  10017dd0 f   LIBCMT:tidtable.obj
 0001:00016e7c       __mtinit                   10017e7c f   LIBCMT:tidtable.obj
 0001:00016ef2       __mtterm                   10017ef2 f   LIBCMT:tidtable.obj
 0001:00016f0f       __set_pgmptr               10017f0f f i LIBCMT:stdargv.obj
 0001:00016f1c       __setargv                  10017f1c f   LIBCMT:stdargv.obj
 0001:00017149       __setenvp                  10018149 f   LIBCMT:stdenvp.obj
 0001:0001722a       ___security_init_cookie    1001822a f   LIBCMT:gs_support.obj
 0001:000172c4       ___crtGetEnvironmentStringsA 100182c4 f   LIBCMT:a_env.obj
 0001:00017350       _strlen                    10018350 f   LIBCMT:strlen.obj
 0001:000173db       _wcsncpy_s                 100183db f   LIBCMT:wcsncpy_s.obj
 0001:00017499       ___addlocaleref            10018499 f   LIBCMT:localref.obj
 0001:00017529       ___freetlocinfo            10018529 f   LIBCMT:localref.obj
 0001:00017683       ___removelocaleref         10018683 f   LIBCMT:localref.obj
 0001:0001771e       ___updatetlocinfo          1001871e f   LIBCMT:localref.obj
 0001:0001779a       __updatetlocinfoEx_nolock  1001879a f   LIBCMT:localref.obj
 0001:000177e5       ___isascii                 100187e5 f i LIBCMT:_ctype.obj
 0001:000177f5       ___iscsym                  100187f5 f i LIBCMT:_ctype.obj
 0001:00017815       ___iscsymf                 10018815 f i LIBCMT:_ctype.obj
 0001:00017832       ___toascii                 10018832 f i LIBCMT:_ctype.obj
 0001:0001783d       __isalnum_l                1001883d f i LIBCMT:_ctype.obj
 0001:00017893       __isalpha_l                10018893 f i LIBCMT:_ctype.obj
 0001:000178e9       __iscntrl_l                100188e9 f i LIBCMT:_ctype.obj
 0001:00017939       __iscsym_l                 10018939 f i LIBCMT:_ctype.obj
 0001:0001795a       __iscsymf_l                1001895a f i LIBCMT:_ctype.obj
 0001:0001797b       __isdigit_l                1001897b f i LIBCMT:_ctype.obj
 0001:000179cb       __isgraph_l                100189cb f i LIBCMT:_ctype.obj
 0001:00017a21       __islower_l                10018a21 f i LIBCMT:_ctype.obj
 0001:00017a71       __isprint_l                10018a71 f i LIBCMT:_ctype.obj
 0001:00017ac7       __ispunct_l                10018ac7 f i LIBCMT:_ctype.obj
 0001:00017b17       __isspace_l                10018b17 f i LIBCMT:_ctype.obj
 0001:00017b67       __isupper_l                10018b67 f i LIBCMT:_ctype.obj
 0001:00017bb7       __isxdigit_l               10018bb7 f i LIBCMT:_ctype.obj
 0001:00017c0d       _isalnum                   10018c0d f i LIBCMT:_ctype.obj
 0001:00017c3a       _isalpha                   10018c3a f i LIBCMT:_ctype.obj
 0001:00017c67       _iscntrl                   10018c67 f i LIBCMT:_ctype.obj
 0001:00017c92       _isdigit                   10018c92 f i LIBCMT:_ctype.obj
 0001:00017cbd       _isgraph                   10018cbd f i LIBCMT:_ctype.obj
 0001:00017cea       _islower                   10018cea f i LIBCMT:_ctype.obj
 0001:00017d15       _isprint                   10018d15 f i LIBCMT:_ctype.obj
 0001:00017d42       _ispunct                   10018d42 f i LIBCMT:_ctype.obj
 0001:00017d6d       _isspace                   10018d6d f i LIBCMT:_ctype.obj
 0001:00017d98       _isupper                   10018d98 f i LIBCMT:_ctype.obj
 0001:00017dc3       _isxdigit                  10018dc3 f i LIBCMT:_ctype.obj
 0001:00017df0       __tolower                  10018df0 f   LIBCMT:tolower.obj
 0001:00017dfb       __tolower_l                10018dfb f   LIBCMT:tolower.obj
 0001:00017f3c       _tolower                   10018f3c f   LIBCMT:tolower.obj
 0001:00017f68       _strcpy_s                  10018f68 f   LIBCMT:strcpy_s.obj
 0001:00017fc0       _strrchr                   10018fc0 f   LIBCMT:strrchr.obj
 0001:000180f7       __fptostr                  100190f7 f   LIBCMT:_fptostr.obj
 0001:000181a7       __atodbl                   100191a7 f   LIBCMT:atodbl.obj
 0001:000181bc       __atodbl_l                 100191bc f   LIBCMT:atodbl.obj
 0001:00018248       __atoflt                   10019248 f   LIBCMT:atodbl.obj
 0001:0001825d       __atoflt_l                 1001925d f   LIBCMT:atodbl.obj
 0001:000182e9       __atoldbl                  100192e9 f   LIBCMT:atodbl.obj
 0001:000182fe       __atoldbl_l                100192fe f   LIBCMT:atodbl.obj
 0001:0001838b       ___dtold                   1001938b f   LIBCMT:cfout.obj
 0001:00018451       __fltout2                  10019451 f   LIBCMT:cfout.obj
 0001:000184e0       __alldvrm                  100194e0 f   LIBCMT:lldvrm.obj
 0001:000185c0       __aullshr                  100195c0 f   LIBCMT:ullshr.obj
 0001:000185df       __get_output_format        100195df f   LIBCMT:outputformat.obj
 0001:000185e5       __set_output_format        100195e5 f   LIBCMT:outputformat.obj
 0001:00018617       __controlfp_s              10019617 f   LIBCMT:contrlfp.obj
 0001:00018674       __fptrap                   10019674 f   LIBCMT:crt0fp.obj
 0001:0001867d       __msize                    1001967d f   LIBCMT:msize.obj
 0001:000186ae       __recalloc                 100196ae f   LIBCMT:recalloc.obj
 0001:00018717       _strncpy_s                 10019717 f   LIBCMT:strncpy_s.obj
 0001:00018893       __MarkAllocaS              10019893 f i LIBCMT:a_loc.obj
 0001:000188a7       ___crtGetLocaleInfoA       100198a7 f   LIBCMT:a_loc.obj
 0001:000188df       __freea                    100198df f i LIBCMT:a_loc.obj
 0001:000188fd       ___crtCompareStringEx      100198fd f   LIBCMT:winapinls.obj
 0001:0001891f       ___crtEnumSystemLocalesEx  1001991f f   LIBCMT:winapinls.obj
 0001:00018935       ___crtGetDateFormatEx      10019935 f   LIBCMT:winapinls.obj
 0001:00018954       ___crtGetLocaleInfoEx      10019954 f   LIBCMT:winapinls.obj
 0001:0001896b       ___crtGetTimeFormatEx      1001996b f   LIBCMT:winapinls.obj
 0001:00018988       ___crtGetUserDefaultLocaleName 10019988 f   LIBCMT:winapinls.obj
 0001:00018999       ___crtIsValidLocaleName    10019999 f   LIBCMT:winapinls.obj
 0001:000189a7       ___crtLCMapStringEx        100199a7 f   LIBCMT:winapinls.obj
 0001:00018bd2       ___crtLCMapStringA         10019bd2 f   LIBCMT:a_map.obj
 0001:00018d02       ___crtGetStringTypeA       10019d02 f   LIBCMT:a_str.obj
 0001:00018d40       __isatty                   10019d40 f   LIBCMT:isatty.obj
 0001:00018da4       __commit                   10019da4 f   LIBCMT:commit.obj
 0001:00018e9b       ___lock_fhandle            10019e9b f   LIBCMT:osfinfo.obj
 0001:00018f27       __alloc_osfhnd             10019f27 f   LIBCMT:osfinfo.obj
 0001:000190d6       __free_osfhnd              1001a0d6 f   LIBCMT:osfinfo.obj
 0001:0001915c       __get_osfhandle            1001a15c f   LIBCMT:osfinfo.obj
 0001:000191ce       __open_osfhandle           1001a1ce f   LIBCMT:osfinfo.obj
 0001:000192e4       __set_osfhnd               1001a2e4 f   LIBCMT:osfinfo.obj
 0001:00019366       __unlock_fhandle           1001a366 f   LIBCMT:osfinfo.obj
 0001:0001938c       __open                     1001a38c f   LIBCMT:open.obj
 0001:00019439       __sopen                    1001a439 f   LIBCMT:open.obj
 0001:0001946a       __sopen_helper             1001a46a f   LIBCMT:open.obj
 0001:00019531       __sopen_nolock             1001a531 f   LIBCMT:open.obj
 0001:0001957d       __sopen_s                  1001a57d f   LIBCMT:open.obj
 0001:0001959b       __mbsnbcmp                 1001a59b f   LIBCMT:mbsnbcmp.obj
 0001:000195b3       __mbsnbcmp_l               1001a5b3 f   LIBCMT:mbsnbcmp.obj
 0001:000196c8       __mbsnbicmp                1001a6c8 f   LIBCMT:mbsnbicm.obj
 0001:000196e0       __mbsnbicmp_l              1001a6e0 f   LIBCMT:mbsnbicm.obj
 0001:000198a0       __global_unwind2           1001a8a0 f   LIBCMT:exsup.obj
 0001:00019905       __local_unwind2            1001a905 f   LIBCMT:exsup.obj
 0001:00019989       __abnormal_termination     1001a989 f   LIBCMT:exsup.obj
 0001:000199ac       __NLG_Notify1              1001a9ac f   LIBCMT:exsup.obj
 0001:000199b5       __NLG_Notify               1001a9b5 f   LIBCMT:exsup.obj
 0001:000199cc       __NLG_Dispatch             1001a9cc     LIBCMT:exsup.obj
 0001:000199cc       __NLG_Dispatch2            1001a9cc     LIBCMT:exsup.obj
 0001:000199d4       __NLG_Call                 1001a9d4 f   LIBCMT:exsup.obj
 0001:000199d6       __NLG_Return2              1001a9d6     LIBCMT:exsup.obj
 0001:000199d7       __output_s_l               1001a9d7 f   LIBCMT:outputs.obj
 0001:0001a67d       __output_p_l               1001b67d f   LIBCMT:outputp.obj
 0001:0001b9f1       __validate_param_reuseA    1001c9f1 f   LIBCMT:outputp.obj
 0001:0001bb27       _get_crtdouble_arg         1001cb27 f i LIBCMT:outputp.obj
 0001:0001bc24       ___iswcsym                 1001cc24 f i LIBCMT:_wctype.obj
 0001:0001bc48       ___iswcsymf                1001cc48 f i LIBCMT:_wctype.obj
 0001:0001bc6c       __isleadbyte_l             1001cc6c f i LIBCMT:_wctype.obj
 0001:0001bca2       __iswalnum_l               1001cca2 f i LIBCMT:_wctype.obj
 0001:0001bcb6       __iswalpha_l               1001ccb6 f i LIBCMT:_wctype.obj
 0001:0001bcca       __iswcntrl_l               1001ccca f i LIBCMT:_wctype.obj
 0001:0001bcdb       __iswcsym_l                1001ccdb f i LIBCMT:_wctype.obj
 0001:0001bcff       __iswcsymf_l               1001ccff f i LIBCMT:_wctype.obj
 0001:0001bd23       __iswdigit_l               1001cd23 f i LIBCMT:_wctype.obj
 0001:0001bd34       __iswgraph_l               1001cd34 f i LIBCMT:_wctype.obj
 0001:0001bd48       __iswlower_l               1001cd48 f i LIBCMT:_wctype.obj
 0001:0001bd59       __iswprint_l               1001cd59 f i LIBCMT:_wctype.obj
 0001:0001bd6d       __iswpunct_l               1001cd6d f i LIBCMT:_wctype.obj
 0001:0001bd7e       __iswspace_l               1001cd7e f i LIBCMT:_wctype.obj
 0001:0001bd8f       __iswupper_l               1001cd8f f i LIBCMT:_wctype.obj
 0001:0001bda0       __iswxdigit_l              1001cda0 f i LIBCMT:_wctype.obj
 0001:0001bdb4       _isleadbyte                1001cdb4 f i LIBCMT:_wctype.obj
 0001:0001bdc5       _iswalnum                  1001cdc5 f i LIBCMT:_wctype.obj
 0001:0001bdd9       _iswalpha                  1001cdd9 f i LIBCMT:_wctype.obj
 0001:0001bded       _iswascii                  1001cded f i LIBCMT:_wctype.obj
 0001:0001bdff       _iswcntrl                  1001cdff f i LIBCMT:_wctype.obj
 0001:0001be10       _iswdigit                  1001ce10 f i LIBCMT:_wctype.obj
 0001:0001be21       _iswgraph                  1001ce21 f i LIBCMT:_wctype.obj
 0001:0001be35       _iswlower                  1001ce35 f i LIBCMT:_wctype.obj
 0001:0001be46       _iswprint                  1001ce46 f i LIBCMT:_wctype.obj
 0001:0001be5a       _iswpunct                  1001ce5a f i LIBCMT:_wctype.obj
 0001:0001be6b       _iswspace                  1001ce6b f i LIBCMT:_wctype.obj
 0001:0001be7c       _iswupper                  1001ce7c f i LIBCMT:_wctype.obj
 0001:0001be8d       _iswxdigit                 1001ce8d f i LIBCMT:_wctype.obj
 0001:0001bea1       __wctomb_l                 1001cea1 f   LIBCMT:wctomb.obj
 0001:0001beee       __wctomb_s_l               1001ceee f   LIBCMT:wctomb.obj
 0001:0001c010       _wctomb                    1001d010 f   LIBCMT:wctomb.obj
 0001:0001c041       _wctomb_s                  1001d041 f   LIBCMT:wctomb.obj
 0001:0001c060       __aulldvrm                 1001d060 f   LIBCMT:ulldvrm.obj
 0001:0001c0f5       __getbuf                   1001d0f5 f   LIBCMT:_getbuf.obj
 0001:0001c13b       __lseeki64                 1001d13b f   LIBCMT:lseeki64.obj
 0001:0001c244       __lseeki64_nolock          1001d244 f   LIBCMT:lseeki64.obj
 0001:0001c2b5       __mbtowc_l                 1001d2b5 f   LIBCMT:mbtowc.obj
 0001:0001c3a8       _mbtowc                    1001d3a8 f   LIBCMT:mbtowc.obj
 0001:0001c3c0       __putwch                   1001d3c0 f   LIBCMT:putwch.obj
 0001:0001c408       __putwch_nolock            1001d408 f   LIBCMT:putwch.obj
 0001:0001c450       __chkstk                   1001d450 f   LIBCMT:chkstk.obj
 0001:0001c450       __alloca_probe             1001d450     LIBCMT:chkstk.obj
 0001:0001c47b       __matherr                  1001d47b f   LIBCMT:matherr.obj
 0001:0001c47e       __vfwprintf_l              1001d47e f   LIBCMT:vfwprint.obj
 0001:0001c49c       __vfwprintf_p              1001d49c f   LIBCMT:vfwprint.obj
 0001:0001c4b9       __vfwprintf_p_l            1001d4b9 f   LIBCMT:vfwprint.obj
 0001:0001c4d7       __vfwprintf_s_l            1001d4d7 f   LIBCMT:vfwprint.obj
 0001:0001c4f5       _vfwprintf                 1001d4f5 f   LIBCMT:vfwprint.obj
 0001:0001c512       _vfwprintf_helper          1001d512 f   LIBCMT:vfwprint.obj
 0001:0001c5a1       _vfwprintf_s               1001d5a1 f   LIBCMT:vfwprint.obj
 0001:0001c5be       __woutput_l                1001d5be f   LIBCMT:woutput.obj
 0001:0001d2c1       __woutput_s_l              1001e2c1 f   LIBCMT:woutputs.obj
 0001:0001dff8       __validate_param_reuseW    1001eff8 f   LIBCMT:woutputp.obj
 0001:0001e16e       __woutput_p_l              1001f16e f   LIBCMT:woutputp.obj
 0001:0001f5a3       __ismbbalnum               100205a3 f   LIBCMT:ismbbyte.obj
 0001:0001f5bc       __ismbbalnum_l             100205bc f   LIBCMT:ismbbyte.obj
 0001:0001f5d6       __ismbbalpha               100205d6 f   LIBCMT:ismbbyte.obj
 0001:0001f5ef       __ismbbalpha_l             100205ef f   LIBCMT:ismbbyte.obj
 0001:0001f609       __ismbbgraph               10020609 f   LIBCMT:ismbbyte.obj
 0001:0001f622       __ismbbgraph_l             10020622 f   LIBCMT:ismbbyte.obj
 0001:0001f63c       __ismbbkalnum              1002063c f   LIBCMT:ismbbyte.obj
 0001:0001f652       __ismbbkalnum_l            10020652 f   LIBCMT:ismbbyte.obj
 0001:0001f669       __ismbbkana                10020669 f   LIBCMT:ismbbyte.obj
 0001:0001f67a       __ismbbkana_l              1002067a f   LIBCMT:ismbbyte.obj
 0001:0001f6c4       __ismbbkprint              100206c4 f   LIBCMT:ismbbyte.obj
 0001:0001f6da       __ismbbkprint_l            100206da f   LIBCMT:ismbbyte.obj
 0001:0001f6f1       __ismbbkpunct              100206f1 f   LIBCMT:ismbbyte.obj
 0001:0001f707       __ismbbkpunct_l            10020707 f   LIBCMT:ismbbyte.obj
 0001:0001f71e       __ismbblead                1002071e f   LIBCMT:ismbbyte.obj
 0001:0001f734       __ismbblead_l              10020734 f   LIBCMT:ismbbyte.obj
 0001:0001f74b       __ismbbprint               1002074b f   LIBCMT:ismbbyte.obj
 0001:0001f764       __ismbbprint_l             10020764 f   LIBCMT:ismbbyte.obj
 0001:0001f77e       __ismbbpunct               1002077e f   LIBCMT:ismbbyte.obj
 0001:0001f794       __ismbbpunct_l             10020794 f   LIBCMT:ismbbyte.obj
 0001:0001f7ab       __ismbbtrail               100207ab f   LIBCMT:ismbbyte.obj
 0001:0001f7c1       __ismbbtrail_l             100207c1 f   LIBCMT:ismbbyte.obj
 0001:0001f7d8       ___free_lconv_mon          100207d8 f   LIBCMT:initmon.obj
 0001:0001f8d4       ___init_monetary           100208d4 f   LIBCMT:initmon.obj
 0001:0001fcae       ___free_lconv_num          10020cae f   LIBCMT:initnum.obj
 0001:0001fd15       ___init_numeric            10020d15 f   LIBCMT:initnum.obj
 0001:0001ff55       ___free_lc_time            10020f55 f   LIBCMT:inittime.obj
 0001:000202d5       ___init_time               100212d5 f   LIBCMT:inittime.obj
 0001:00020b42       _localeconv                10021b42 f   LIBCMT:lconv.obj
 0001:00020b68       __isctype                  10021b68 f   LIBCMT:isctype.obj
 0001:00020b97       __isctype_l                10021b97 f   LIBCMT:isctype.obj
 0001:00020c46       __locterm                  10021c46 f   LIBCMT:wsetloca.obj
 0001:00020c98       ___init_dummy              10021c98 f   LIBCMT:wsetloca.obj
 0001:00020c9b       ____setlc_active_func      10021c9b f   LIBCMT:wsetloca.obj
 0001:00020ca1       ____unguarded_readlc_active_add_func 10021ca1 f   LIBCMT:wsetloca.obj
 0001:00020ca7       ___copy_locale_name        10021ca7 f   LIBCMT:wsetloca.obj
 0001:00020d0b       ___create_locale           10021d0b f   LIBCMT:wsetloca.obj
 0001:00020d14       ___free_locale             10021d14 f   LIBCMT:wsetloca.obj
 0001:00020d19       ___get_current_locale      10021d19 f   LIBCMT:wsetloca.obj
 0001:00020d1e       ___lc_lctowcs              10021d1e f   LIBCMT:wsetloca.obj
 0001:00020d8c       ___lc_wcstolc              10021d8c f   LIBCMT:wsetloca.obj
 0001:00020eb6       __configthreadlocale       10021eb6 f   LIBCMT:wsetloca.obj
 0001:00020f3c       __create_locale            10021f3c f   LIBCMT:wsetloca.obj
 0001:00020f9c       __expandlocale             10021f9c f   LIBCMT:wsetloca.obj
 0001:0002127f       __free_locale              1002227f f   LIBCMT:wsetloca.obj
 0001:00021339       __get_current_locale       10022339 f   LIBCMT:wsetloca.obj
 0001:000213e8       __wcreate_locale           100223e8 f   LIBCMT:wsetloca.obj
 0001:000214d8       __wcscats                  100224d8 f   LIBCMT:wsetloca.obj
 0001:00021517       __wsetlocale               10022517 f   LIBCMT:wsetloca.obj
 0001:00021e4c       __CopyMan                  10022e4c f i LIBCMT:intrncvt.obj
 0001:00021e69       __FillZeroMan              10022e69 f i LIBCMT:intrncvt.obj
 0001:00021e78       __IncMan                   10022e78 f i LIBCMT:intrncvt.obj
 0001:00021eda       __IsZeroMan                10022eda f i LIBCMT:intrncvt.obj
 0001:00021ef7       __RoundMan                 10022ef7 f i LIBCMT:intrncvt.obj
 0001:00021ff6       __ShrMan                   10022ff6 f i LIBCMT:intrncvt.obj
 0001:00022082       __ZeroTail                 10023082 f i LIBCMT:intrncvt.obj
 0001:000220ca       ___addl                    100230ca f i LIBCMT:intrncvt.obj
 0001:000220ee       __ld12cvt                  100230ee f i LIBCMT:intrncvt.obj
 0001:00022657       __ld12tod                  10023657 f   LIBCMT:intrncvt.obj
 0001:00022bc7       __ld12tof                  10023bc7 f   LIBCMT:intrncvt.obj
 0001:00023137       __ld12told                 10024137 f   LIBCMT:intrncvt.obj
 0001:00023204       ___STRINGTOLD_L            10024204 f   LIBCMT:strgtold.obj
 0001:0002325d       ___ld12mul                 1002425d f i LIBCMT:strgtold.obj
 0001:00023526       ___multtenpow12            10024526 f i LIBCMT:strgtold.obj
 0001:00023884       ___shl_12                  10024884 f i LIBCMT:strgtold.obj
 0001:000238b5       ___shr_12                  100248b5 f i LIBCMT:strgtold.obj
 0001:000238e5       ___strgtold12_l            100248e5 f   LIBCMT:strgtold.obj
 0001:00024061       _$I10_OUTPUT               10025061 f   LIBCMT:x10fout.obj
 0001:00024a25       ___add_12                  10025a25 f i LIBCMT:x10fout.obj
 0001:00024a97       ___pctype_func             10025a97 f   LIBCMT:ctype.obj
 0001:00024ac0       ___pwctype_func            10025ac0 f   LIBCMT:ctype.obj
 0001:00024bfe       ___control87_2             10025bfe f   LIBCMT:ieee87.obj
 0001:0002526e       __clearfp                  1002626e f   LIBCMT:ieee87.obj
 0001:0002534c       __control87                1002634c f i LIBCMT:ieee87.obj
 0001:0002564c       __controlfp                1002664c f   LIBCMT:ieee87.obj
 0001:00025955       __fpreset                  10026955 f   LIBCMT:ieee87.obj
 0001:00025a22       __set_controlfp            10026a22 f   LIBCMT:ieee87.obj
 0001:00025a93       __statusfp                 10026a93 f   LIBCMT:ieee87.obj
 0001:00025b2b       __statusfp2                10026b2b f   LIBCMT:ieee87.obj
 0001:00025b90       __alloca_probe_16          10026b90 f   LIBCMT:alloca16.obj
 0001:00025ba6       __alloca_probe_8           10026ba6     LIBCMT:alloca16.obj
 0001:00025c4d       __wopen                    10026c4d f   LIBCMT:wopen.obj
 0001:00025cfa       __wsopen                   10026cfa f   LIBCMT:wopen.obj
 0001:00025d2b       __wsopen_helper            10026d2b f   LIBCMT:wopen.obj
 0001:00025df2       __wsopen_nolock            10026df2 f   LIBCMT:wopen.obj
 0001:0002656b       __wsopen_s                 1002756b f   LIBCMT:wopen.obj
 0001:00026590       _strncmp                   10027590 f   LIBCMT:strncmp.obj
 0001:00026608       __strnicmp                 10027608 f   LIBCMT:strnicmp.obj
 0001:00026673       __strnicmp_l               10027673 f   LIBCMT:strnicmp.obj
 0001:00026946       __strtol_l                 10027946 f   LIBCMT:strtol.obj
 0001:00026961       __strtoul_l                10027961 f   LIBCMT:strtol.obj
 0001:0002697c       _strtol                    1002797c f   LIBCMT:strtol.obj
 0001:000269a6       _strtoul                   100279a6 f   LIBCMT:strtol.obj
 0001:000269d0       __iswctype_l               100279d0 f   LIBCMT:iswctype.obj
 0001:000269e2       _is_wctype                 100279e2 f   LIBCMT:iswctype.obj
 0001:000269eb       _iswctype                  100279eb f   LIBCMT:iswctype.obj
 0001:00026a3d       ____lc_codepage_func       10027a3d f   LIBCMT:initctyp.obj
 0001:00026a63       ____lc_collate_cp_func     10027a63 f   LIBCMT:initctyp.obj
 0001:00026a89       ____lc_locale_name_func    10027a89 f   LIBCMT:initctyp.obj
 0001:00026ab1       ____mb_cur_max_func        10027ab1 f   LIBCMT:initctyp.obj
 0001:00026ad7       ____mb_cur_max_l_func      10027ad7 f   LIBCMT:initctyp.obj
 0001:00026aee       ___init_ctype              10027aee f   LIBCMT:initctyp.obj
 0001:00026e86       ___termconout              10027e86 f   LIBCMT:initcon.obj
 0001:00026e9d       ___initconout              10027e9d f   LIBCMT:initcon.obj
 0001:00026ebc       __fputwc_nolock            10027ebc f   LIBCMT:fputwc.obj
 0001:00027041       _fputwc                    10028041 f   LIBCMT:fputwc.obj
 0001:000270c2       _putwc                     100280c2 f   LIBCMT:fputwc.obj
 0001:000272a7       __wcstol_l                 100282a7 f   LIBCMT:wcstol.obj
 0001:000272bf       __wcstoul_l                100282bf f   LIBCMT:wcstol.obj
 0001:000272d7       _wcstol                    100282d7 f   LIBCMT:wcstol.obj
 0001:000272ef       _wcstoul                   100282ef f   LIBCMT:wcstol.obj
 0001:00027307       ___init_collate            10028307 f   LIBCMT:initcoll.obj
 0001:00027427       _memcmp                    10028427 f   LIBCMT:memcmp.obj
 0001:0002a33b       _wcscmp                    1002b33b f   LIBCMT:wcscmp.obj
 0001:0002a379       _wcscspn                   1002b379 f   LIBCMT:wcscspn.obj
 0001:0002a3c8       _wcsnlen                   1002b3c8 f   LIBCMT:wcslen_s.obj
 0001:0002a3e7       _wcsncmp                   1002b3e7 f   LIBCMT:wcsncmp.obj
 0001:0002a41d       _wcspbrk                   1002b41d f   LIBCMT:wcspbrk.obj
 0001:0002aa19       ___get_qualified_locale    1002ba19 f   LIBCMT:getqloc.obj
 0001:0002abdb       ___mtold12                 1002bbdb f   LIBCMT:mantold.obj
 0001:0002adbd       __chsize                   1002bdbd f   LIBCMT:chsize.obj
 0001:0002add7       __chsize_nolock            1002bdd7 f   LIBCMT:chsize.obj
 0001:0002af8b       __chsize_s                 1002bf8b f   LIBCMT:chsize.obj
 0001:0002b07f       __get_fmode                1002c07f f   LIBCMT:setmode.obj
 0001:0002b0a9       __set_fmode                1002c0a9 f   LIBCMT:setmode.obj
 0001:0002b0e9       __setmode                  1002c0e9 f   LIBCMT:setmode.obj
 0001:0002b1f7       __setmode_nolock           1002c1f7 f   LIBCMT:setmode.obj
 0001:0002b2d0       ___ascii_strnicmp          1002c2d0 f   LIBCMT:_strnicm.obj
 0001:0002b331       __flswbuf                  1002c331 f   LIBCMT:_flswbuf.obj
 0001:0002b4a0       __wchartodigit             1002c4a0 f   LIBCMT:wchtodig.obj
 0001:0002b63f       __wtoi                     1002c63f f   LIBCMT:wtox.obj
 0001:0002b648       __wtoi64                   1002c648 f   LIBCMT:wtox.obj
 0001:0002b65c       __wtoi64_l                 1002c65c f   LIBCMT:wtox.obj
 0001:0002b673       __wtoi_l                   1002c673 f   LIBCMT:wtox.obj
 0001:0002b67c       __wtol                     1002c67c f   LIBCMT:wtox.obj
 0001:0002b690       __wtol_l                   1002c690 f   LIBCMT:wtox.obj
 0001:0002b6a7       _wcschr                    1002c6a7 f   LIBCMT:wcschr.obj
 0001:0002b755       __wcsicmp                  1002c755 f   LIBCMT:wcsicmp.obj
 0001:0002b7e8       __wcsicmp_l                1002c7e8 f   LIBCMT:wcsicmp.obj
 0001:0002b8c1       __wcsnicmp                 1002c8c1 f   LIBCMT:wcsnicmp.obj
 0001:0002b975       __wcsnicmp_l               1002c975 f   LIBCMT:wcsnicmp.obj
 0001:0002bd3a       __wcstoi64                 1002cd3a f   LIBCMT:wcstoq.obj
 0001:0002bd64       __wcstoi64_l               1002cd64 f   LIBCMT:wcstoq.obj
 0001:0002bd7f       __wcstoui64                1002cd7f f   LIBCMT:wcstoq.obj
 0001:0002bda9       __wcstoui64_l              1002cda9 f   LIBCMT:wcstoq.obj
 0001:0002bdc4       __towlower_l               1002cdc4 f   LIBCMT:towlower.obj
 0001:0002be76       _towlower                  1002ce76 f   LIBCMT:towlower.obj
 0001:0002be90       __allmul                   1002ce90 f   LIBCMT:llmul.obj
 0001:0002bec4       ___crtLCMapStringW         1002cec4 f   LIBCMT:w_map.obj
 0001:0002bef4       _GetModuleHandleA@4        1002cef4 f   kernel32:KERNEL32.dll
 0001:0002befa       _GetProcAddress@8          1002cefa f   kernel32:KERNEL32.dll
 0001:0002bf00       _HeapAlloc@12              1002cf00 f   kernel32:KERNEL32.dll
 0001:0002bf06       _IsDebuggerPresent@0       1002cf06 f   kernel32:KERNEL32.dll
 0001:0002bf0c       _IsProcessorFeaturePresent@4 1002cf0c f   kernel32:KERNEL32.dll
 0001:0002bf12       _EncodePointer@4           1002cf12 f   kernel32:KERNEL32.dll
 0001:0002bf18       _DecodePointer@4           1002cf18 f   kernel32:KERNEL32.dll
 0001:0002bf1e       _GetLastError@0            1002cf1e f   kernel32:KERNEL32.dll
 0001:0002bf24       _InterlockedDecrement@4    1002cf24 f   kernel32:KERNEL32.dll
 0001:0002bf2a       _ExitProcess@4             1002cf2a f   kernel32:KERNEL32.dll
 0001:0002bf30       _GetModuleHandleExW@12     1002cf30 f   kernel32:KERNEL32.dll
 0001:0002bf36       _AreFileApisANSI@0         1002cf36 f   kernel32:KERNEL32.dll
 0001:0002bf3c       _MultiByteToWideChar@24    1002cf3c f   kernel32:KERNEL32.dll
 0001:0002bf42       _HeapFree@12               1002cf42 f   kernel32:KERNEL32.dll
 0001:0002bf48       _HeapReAlloc@16            1002cf48 f   kernel32:KERNEL32.dll
 0001:0002bf4e       _EnterCriticalSection@4    1002cf4e f   kernel32:KERNEL32.dll
 0001:0002bf54       _LeaveCriticalSection@4    1002cf54 f   kernel32:KERNEL32.dll
 0001:0002bf5a       _GetStdHandle@4            1002cf5a f   kernel32:KERNEL32.dll
 0001:0002bf60       _GetFileType@4             1002cf60 f   kernel32:KERNEL32.dll
 0001:0002bf66       _GetModuleFileNameW@12     1002cf66 f   kernel32:KERNEL32.dll
 0001:0002bf6c       _WriteConsoleW@20          1002cf6c f   kernel32:KERNEL32.dll
 0001:0002bf72       _GetCommandLineA@0         1002cf72 f   kernel32:KERNEL32.dll
 0001:0002bf78       _GetCurrentThreadId@0      1002cf78 f   kernel32:KERNEL32.dll
 0001:0002bf7e       _WriteFile@20              1002cf7e f   kernel32:KERNEL32.dll
 0001:0002bf84       _GetProcessHeap@0          1002cf84 f   kernel32:KERNEL32.dll
 0001:0002bf8a       _UnhandledExceptionFilter@4 1002cf8a f   kernel32:KERNEL32.dll
 0001:0002bf90       _SetUnhandledExceptionFilter@4 1002cf90 f   kernel32:KERNEL32.dll
 0001:0002bf96       _FlsAlloc@4                1002cf96 f   kernel32:KERNEL32.dll
 0001:0002bf9c       _FlsGetValue@4             1002cf9c f   kernel32:KERNEL32.dll
 0001:0002bfa2       _FlsSetValue@8             1002cfa2 f   kernel32:KERNEL32.dll
 0001:0002bfa8       _FlsFree@4                 1002cfa8 f   kernel32:KERNEL32.dll
 0001:0002bfae       _GetCurrentProcess@0       1002cfae f   kernel32:KERNEL32.dll
 0001:0002bfb4       _TerminateProcess@8        1002cfb4 f   kernel32:KERNEL32.dll
 0001:0002bfba       _GetStartupInfoW@4         1002cfba f   kernel32:KERNEL32.dll
 0001:0002bfc0       _GetModuleHandleW@4        1002cfc0 f   kernel32:KERNEL32.dll
 0001:0002bfc6       _InitializeCriticalSectionAndSpinCount@8 1002cfc6 f   kernel32:KERNEL32.dll
 0001:0002bfcc       _DeleteCriticalSection@4   1002cfcc f   kernel32:KERNEL32.dll
 0001:0002bfd2       _FatalAppExitA@8           1002cfd2 f   kernel32:KERNEL32.dll
 0001:0002bfd8       _Sleep@4                   1002cfd8 f   kernel32:KERNEL32.dll
 0001:0002bfde       _InterlockedExchange@8     1002cfde f   kernel32:KERNEL32.dll
 0001:0002bfe4       _FreeLibrary@4             1002cfe4 f   kernel32:KERNEL32.dll
 0001:0002bfea       _LoadLibraryExW@12         1002cfea f   kernel32:KERNEL32.dll
 0001:0002bff0       _SetConsoleCtrlHandler@8   1002cff0 f   kernel32:KERNEL32.dll
 0001:0002bff6       _InterlockedIncrement@4    1002cff6 f   kernel32:KERNEL32.dll
 0001:0002bffc       _IsValidCodePage@4         1002cffc f   kernel32:KERNEL32.dll
 0001:0002c002       _GetACP@0                  1002d002 f   kernel32:KERNEL32.dll
 0001:0002c008       _GetOEMCP@0                1002d008 f   kernel32:KERNEL32.dll
 0001:0002c00e       _GetCPInfo@8               1002d00e f   kernel32:KERNEL32.dll
 0001:0002c014       _CloseHandle@4             1002d014 f   kernel32:KERNEL32.dll
 0001:0002c01a       _RtlUnwind@16              1002d01a f   kernel32:KERNEL32.dll
 0001:0002c020       _InitOnceExecuteOnce@16    1002d020 f   kernel32:KERNEL32.dll
 0001:0002c026       _ReadFile@20               1002d026 f   kernel32:KERNEL32.dll
 0001:0002c02c       _GetConsoleMode@8          1002d02c f   kernel32:KERNEL32.dll
 0001:0002c032       _ReadConsoleW@20           1002d032 f   kernel32:KERNEL32.dll
 0001:0002c038       _WideCharToMultiByte@32    1002d038 f   kernel32:KERNEL32.dll
 0001:0002c03e       _GetConsoleCP@0            1002d03e f   kernel32:KERNEL32.dll
 0001:0002c044       _DeleteFileW@4             1002d044 f   kernel32:KERNEL32.dll
 0001:0002c04a       _SetFilePointer@16         1002d04a f   kernel32:KERNEL32.dll
 0001:0002c050       _RaiseException@16         1002d050 f   kernel32:KERNEL32.dll
 0001:0002c056       _OutputDebugStringW@4      1002d056 f   kernel32:KERNEL32.dll
 0001:0002c05c       _LoadLibraryW@4            1002d05c f   kernel32:KERNEL32.dll
 0001:0002c062       _SetLastError@4            1002d062 f   kernel32:KERNEL32.dll
 0001:0002c068       _GetCurrentThread@0        1002d068 f   kernel32:KERNEL32.dll
 0001:0002c06e       _GetModuleFileNameA@12     1002d06e f   kernel32:KERNEL32.dll
 0001:0002c074       _QueryPerformanceCounter@4 1002d074 f   kernel32:KERNEL32.dll
 0001:0002c07a       _GetSystemTimeAsFileTime@4 1002d07a f   kernel32:KERNEL32.dll
 0001:0002c080       _GetTickCount64@0          1002d080 f   kernel32:KERNEL32.dll
 0001:0002c086       _GetEnvironmentStringsW@0  1002d086 f   kernel32:KERNEL32.dll
 0001:0002c08c       _FreeEnvironmentStringsW@4 1002d08c f   kernel32:KERNEL32.dll
 0001:0002c092       _HeapSize@12               1002d092 f   kernel32:KERNEL32.dll
 0001:0002c098       _GetTimeFormatEx@24        1002d098 f   kernel32:KERNEL32.dll
 0001:0002c09e       _GetDateFormatEx@28        1002d09e f   kernel32:KERNEL32.dll
 0001:0002c0a4       _CompareStringEx@36        1002d0a4 f   kernel32:KERNEL32.dll
 0001:0002c0aa       _GetLocaleInfoEx@16        1002d0aa f   kernel32:KERNEL32.dll
 0001:0002c0b0       _GetUserDefaultLocaleName@8 1002d0b0 f   kernel32:KERNEL32.dll
 0001:0002c0b6       _LCMapStringEx@36          1002d0b6 f   kernel32:KERNEL32.dll
 0001:0002c0bc       _IsValidLocaleName@4       1002d0bc f   kernel32:KERNEL32.dll
 0001:0002c0c2       _EnumSystemLocalesEx@16    1002d0c2 f   kernel32:KERNEL32.dll
 0001:0002c0c8       _GetStringTypeW@16         1002d0c8 f   kernel32:KERNEL32.dll
 0001:0002c0ce       _FlushFileBuffers@4        1002d0ce f   kernel32:KERNEL32.dll
 0001:0002c0d4       _SetStdHandle@8            1002d0d4 f   kernel32:KERNEL32.dll
 0001:0002c0da       _SetFilePointerEx@20       1002d0da f   kernel32:KERNEL32.dll
 0001:0002c0e0       _CreateFileW@28            1002d0e0 f   kernel32:KERNEL32.dll
 0001:0002c0e6       _SetEndOfFile@4            1002d0e6 f   kernel32:KERNEL32.dll
 0002:00000000       ___xc_a                    10037000     LIBCMT:crt0init.obj
 0002:00000104       ___xc_z                    10037104     LIBCMT:crt0init.obj
 0002:00000208       ___xi_a                    10037208     LIBCMT:crt0init.obj
 0002:00000420       ___xi_z                    10037420     LIBCMT:crt0init.obj
 0002:00000524       ___xp_a                    10037524     LIBCMT:crt0init.obj
 0002:00000838       ___xp_z                    10037838     LIBCMT:crt0init.obj
 0002:0000093c       ___xt_a                    1003793c     LIBCMT:crt0init.obj
 0002:00000a40       ___xt_z                    10037a40     LIBCMT:crt0init.obj
 0002:00000b88       _untitled_M                10037b88     untitled.obj
 0002:00000b8c       ??_C@_0BC@OJJPBDHH@FixedStepDiscrete?$AA@ 10037b8c     untitled.obj
 0002:00000ba4       ??_C@_04EPKDLPPB@tout?$AA@ 10037ba4     untitled.obj
 0002:00000baa       ??_C@_00CNPNBAHC@?$AA@     10037baa     untitled.obj
 0002:00000bac       ??_C@_03HBFGMJOD@rt_?$AA@  10037bac     untitled.obj
 0002:00000bb0       __real@3f847ae147ae147b    10037bb0     untitled.obj
 0002:00000bc0       __real@4024000000000000    10037bc0     untitled.obj
 0002:00000bd0       __real@41f0000000000000    10037bd0     untitled.obj
 0002:00000be0       __xmm@41f00000000000000000000000000000 10037be0     untitled.obj
 0002:00001458       ??_C@_0DJ@FHKINPLE@Unexpected?5itemKind?5?$DN?5DATA_ITEM?5@ 10038458     rt_logging.obj
 0002:0000149c       ??_C@_0DA@IEHFPFCJ@Unexpected?5itemKind?$DN?$CFd?5in?5rt_Pro@ 1003849c     rt_logging.obj
 0002:000014d8       ??_C@_0DA@IFLHJPBO@Unexpected?5itemKind?$DN?$CFd?5in?5rt_Pro@ 100384d8     rt_logging.obj
 0002:00001514       ??_C@_0DA@IAPIIJJL@Unexpected?5itemKind?$DN?$CFd?5in?5rt_Pro@ 10038514     rt_logging.obj
 0002:00001550       ??_C@_0BE@LCIGPJIG@MATLAB?55?40?5MAT?9file?$AA@ 10038550     rt_logging.obj
 0002:00001568       ??_C@_0FB@PCJEAJIB@?$CK?$CK?$CK?5Log?5variable?5?$CFs?5has?5wrapped?5@ 10038568     rt_logging.obj
 0002:000015d0       ??_C@_0MG@NKMLMOGF@?$CK?$CK?$CK?5To?5avoid?5wrapping?0?5explicitl@ 100385d0     rt_logging.obj
 0002:000016c0       ??_C@_0N@IPAEOLLP@_rtw_tmw?4tmw?$AA@ 100386c0     rt_logging.obj
 0002:000016d0       ??_C@_04HDOCAJNK@?$CFs?$CFs?$AA@ 100386d0     rt_logging.obj
 0002:000016d8       ??_C@_03ELIABIOC@w?$CLb?$AA@ 100386d8     rt_logging.obj
 0002:000016dc       ??_C@_0BF@JPILDDFA@?$CK?$CK?$CK?5Error?5opening?5?$CFs?$AA@ 100386dc     rt_logging.obj
 0002:000016f8       ??_C@_0BK@EEMDELA@unable?5to?5open?5data?5file?6?$AA@ 100386f8     rt_logging.obj
 0002:00001718       ??_C@_04CGFJFPFD@none?$AA@ 10038718     rt_logging.obj
 0002:00001720       ??_C@_0EE@LCGFPNON@?$CK?$CK?$CK?5Error?5creating?5signals?5struc@ 10038720     rt_logging.obj
 0002:00001774       ??_C@_0CE@NHECEDMK@?$CK?$CK?$CK?5Error?5creating?5log?5variable?5@ 10038774     rt_logging.obj
 0002:000017a0       ??_C@_0DB@IOCGKAGH@?$CK?$CK?$CK?5Errors?5occurred?5when?5startin@ 100387a0     rt_logging.obj
 0002:000017dc       ??_C@_0BO@BBLOGEBK@?$CK?$CK?$CK?5Memory?5allocation?5error?4?6?$AA@ 100387dc     rt_logging.obj
 0002:00001800       ??_C@_0N@LGFBAGEL@?5?$CIreal?5part?$CJ?$AA@ 10038800     rt_logging.obj
 0002:00001810       ??_C@_0KH@CGNMHNFE@?5?5?5?5varName?5?5?5?5?5?5?5?5?5?5?$DN?5?$CFs?$CFs?6?5?5?5?5@ 10038810     rt_logging.obj
 0002:000018d8       ??_C@_0LE@OALKKEFM@?5?5?5?5varName?5?5?5?5?5?5?5?5?5?5?$DN?5?$CFs?5?$CIcompl@ 100388d8     rt_logging.obj
 0002:000019b0       ??_C@_0KF@JDDLEOKO@?5?5?5?5varName?5?5?5?5?5?5?5?5?5?5?$DN?5?$CFs?6?5?5?5?5nR@ 100389b0     rt_logging.obj
 0002:00001a78       ??_C@_0DP@HPDMIOFM@?$CK?$CK?$CK?5Using?5a?5default?5buffer?5of?5si@ 10038a78     rt_logging.obj
 0002:00001ac8       ??_C@_0KE@JEFOLKNF@?6?$CK?$CK?$CK?5Memory?5required?5to?5log?5vari@ 10038ac8     rt_logging.obj
 0002:00001b90       ??_C@_0JP@DKLMHCBI@?$CK?$CK?$CK?5Details?3?6?5?5?5?5?5?5?5varName?5?5?5?5?5@ 10038b90     rt_logging.obj
 0002:00001c50       ??_C@_0CM@CAMILBED@?$CK?$CK?$CK?5Error?5allocating?5memory?5for?5@ 10038c50     rt_logging.obj
 0002:00001c84       ??_C@_0DF@BBCNMOPM@?$CK?$CK?$CK?5Error?5allocating?5memory?5for?5@ 10038c84     rt_logging.obj
 0002:00001cc8       ??_C@_0JP@DBCLPCCI@?$CK?$CK?$CK?5Details?3?6?5?5?5?5?5?5?5varName?5?5?5?5?5@ 10038cc8     rt_logging.obj
 0002:00001d88       ??_C@_0FK@DPGAOBGA@?$CK?$CK?$CK?5Error?5allocating?5memory?5for?5@ 10038d88     rt_logging.obj
 0002:00001df4       ??_C@_0BI@GGDNPHLJ@?$CK?$CK?$CK?5Error?5writing?5to?5?$CFs?$AA@ 10038df4     rt_logging.obj
 0002:00001e10       ??_C@_0CB@IBGJGELG@?$CK?$CK?$CK?5Error?5writing?5?$CFs?5due?5to?3?5?$CFs?6@ 10038e10     rt_logging.obj
 0002:00001e38       ??_C@_0CN@FLMCHCPB@?$CK?$CK?$CK?5Error?5writing?5log?5variable?5?$CF@ 10038e38     rt_logging.obj
 0002:00001e70       ??_C@_0DH@GAJCNOJP@?$CK?$CK?$CK?5Error?5writing?5structure?5log?5@ 10038e70     rt_logging.obj
 0002:00001eb4       ??_C@_0BD@POEALECL@?$CK?$CK?5created?5?$CFs?5?$CK?$CK?6?6?$AA@ 10038eb4     rt_logging.obj
 0002:00001ed0       __real@0000000000000000    10038ed0     rt_logging.obj
 0002:00001ee0       __real@3ff0000000000000    10038ee0     rt_logging.obj
 0002:00001ef0       __real@4020000000000000    10038ef0     rt_logging.obj
 0002:00001f00       __real@41dfffffffc00000    10038f00     rt_logging.obj
 0002:00001f10       __real@41efffffffe00000    10038f10     rt_logging.obj
 0002:00001f20       __real@4330000000000000    10038f20     rt_logging.obj
 0002:00001f30       __real@8000000000000000    10038f30     rt_logging.obj
 0002:00001f40       __real@bfbf9add3afd2773    10038f40     rt_logging.obj
 0002:00001f50       __real@bff0000000000000    10038f50     rt_logging.obj
 0002:00001f60       __real@c000000000000000    10038f60     rt_logging.obj
 0002:00001f88       ??_C@_0BI@INNPNFJN@Memory?5Allocation?5Error?$AA@ 10038f88     rtw_modelmap_utils.obj
 0002:00001fa8       ??_C@_1HC@DKMBOMHD@?$AAC?$AA?3?$AA?2?$AAP?$AAR?$AAO?$AAG?$AAR?$AAA?$AA?$HO?$AA1?$AA?2?$AAM?$AAA?$AAT?$AAL?$AAA?$AAB?$AA?2?$AAR?$AA2?$AA0?$AA1?$AA6?$AAb?$AA?2?$AAr?$AAt?$AAw?$AA?2?$AAc?$AA?2@ 10038fa8     rtw_modelmap_utils.obj
 0002:00002030       ??_C@_1CI@OEAJCJND@?$AAj?$AA?5?$AA?$DN?$AA?$DN?$AA?5?$AAe?$AAn?$AAc?$AAo?$AAd?$AAe?$AAd?$AAP?$AAa?$AAt?$AAh?$AAL?$AAe?$AAn?$AA?$AA@ 10039030     rtw_modelmap_utils.obj
 0002:00002060       ??_C@_1DC@NFAOIFKB@?$AAe?$AAn?$AAc?$AAo?$AAd?$AAe?$AAd?$AAP?$AAa?$AAt?$AAh?$AA?$FL?$AAj?$AA?9?$AA1?$AA?$FN?$AA?5?$AA?$DN?$AA?$DN?$AA?5?$AA?8?$AA?2?$AA0?$AA?8?$AA?$AA@ 10039060     rtw_modelmap_utils.obj
 0002:0000209c       ??_C@_1DI@FLNJGPEE@?$AAs?$AAi?$AAg?$AAC?$AAo?$AAm?$AAp?$AAl?$AAe?$AAx?$AAi?$AAt?$AAy?$AA?$FL?$AA?$CK?$AAs?$AAi?$AAg?$AAI?$AAd?$AAx?$AA?$FN?$AA?5?$AA?$CB?$AA?$DN?$AA?5?$AA1?$AA?$AA@ 1003909c     rtw_modelmap_utils.obj
 0002:000020e0       ??_C@_1KI@OFELMGBG@?$AA?$CI?$AA?$CI?$AA?$CI?$AAd?$AAa?$AAt?$AAa?$AAT?$AAy?$AAp?$AAe?$AAM?$AAa?$AAp?$AA?$CJ?$AA?$FL?$AA?$CI?$AA?$CI?$AA?$CI?$AAs?$AAt?$AAa?$AAt?$AAe?$AAs?$AA?$CJ?$AA?$FL?$AA?$CI?$AAi?$AA?$CJ?$AA?$FN?$AA?4@ 100390e0     rtw_modelmap_utils.obj
 0002:000021ac       ??_C@_1DA@ILCMPHNE@?$AAf?$AAu?$AAl?$AAl?$AAP?$AAa?$AAt?$AAh?$AA?5?$AA?$CB?$AA?$DN?$AA?5?$AA?$CI?$AA?$CI?$AAv?$AAo?$AAi?$AAd?$AA?5?$AA?$CK?$AA?$CJ?$AA0?$AA?$CJ?$AA?$AA@ 100391ac     rtw_modelmap_utils.obj
 0002:000021e8       ??_C@_1CI@OEPPFCCA@?$AAp?$AAa?$AAt?$AAh?$AA?5?$AA?$CB?$AA?$DN?$AA?5?$AA?$CI?$AA?$CI?$AAv?$AAo?$AAi?$AAd?$AA?5?$AA?$CK?$AA?$CJ?$AA0?$AA?$CJ?$AA?$AA@ 100391e8     rtw_modelmap_utils.obj
 0002:00002218       ??_C@_1FK@GLJIMFHB@?$AA?$CI?$AA?$CI?$AAm?$AAm?$AAi?$AA?$CJ?$AA?9?$AA?$DO?$AAI?$AAn?$AAs?$AAt?$AAa?$AAn?$AAc?$AAe?$AAM?$AAa?$AAp?$AA?4?$AAf?$AAu?$AAl?$AAl?$AAP?$AAa?$AAt?$AAh?$AA?$CJ?$AA?5?$AA?$DN?$AA?$DN@ 10039218     rtw_modelmap_utils.obj
 0002:00002284       ??_C@_1DG@HPCJGNCE@?$AAm?$AAm?$AAi?$AAP?$AAa?$AAt?$AAh?$AA?$FL?$AAp?$AAa?$AAt?$AAh?$AAL?$AAe?$AAn?$AA?9?$AA1?$AA?$FN?$AA?5?$AA?$DN?$AA?$DN?$AA?5?$AA?8?$AA?2?$AA0?$AA?8?$AA?$AA@ 10039284     rtw_modelmap_utils.obj
 0002:000022c4       ??_C@_1DM@DBAOGGOO@?$AAm?$AAm?$AAi?$AAP?$AAa?$AAt?$AAh?$AA?$FL?$AAm?$AAm?$AAi?$AAP?$AAa?$AAt?$AAh?$AAL?$AAe?$AAn?$AA?9?$AA1?$AA?$FN?$AA?5?$AA?$DN?$AA?$DN?$AA?5?$AA?8?$AA?2?$AA0?$AA?8?$AA?$AA@ 100392c4     rtw_modelmap_utils.obj
 0002:0000230c       ??_C@_1DC@LHIAKAFE@?$AAb?$AAl?$AAo?$AAc?$AAk?$AAP?$AAa?$AAt?$AAh?$AA?5?$AA?$CB?$AA?$DN?$AA?5?$AA?$CI?$AA?$CI?$AAv?$AAo?$AAi?$AAd?$AA?5?$AA?$CK?$AA?$CJ?$AA0?$AA?$CJ?$AA?$AA@ 1003930c     rtw_modelmap_utils.obj
 0002:00002348       ??_C@_1GI@KIEJKPGC@?$AAf?$AAu?$AAl?$AAl?$AAS?$AAt?$AAa?$AAt?$AAe?$AAB?$AAl?$AAo?$AAc?$AAk?$AAP?$AAa?$AAt?$AAh?$AA?$FL?$AAf?$AAu?$AAl?$AAl?$AAS?$AAt?$AAa?$AAt?$AAe?$AAB?$AAl?$AAo?$AAc@ 10039348     rtw_modelmap_utils.obj
 0002:000023c8       ??_C@_1EE@DNPIBJHC@?$AA?$CI?$AA?$CI?$AAd?$AAi?$AAm?$AAM?$AAa?$AAp?$AA?$CJ?$AA?$FL?$AA?$CI?$AAm?$AAa?$AAp?$AAI?$AAd?$AAx?$AA?$CJ?$AA?$FN?$AA?4?$AAn?$AAu?$AAm?$AAD?$AAi?$AAm?$AAs?$AA?$CJ?$AA?5?$AA?$DN?$AA?$DN?$AA?5@ 100393c8     rtw_modelmap_utils.obj
 0002:0000241c       ??_C@_06JFOKFOED@CSTATE?$AA@ 1003941c     rtw_modelmap_utils.obj
 0002:00002424       ??_C@_06FAENGAMN@DSTATE?$AA@ 10039424     rtw_modelmap_utils.obj
 0002:0000242c       ??_C@_1BI@LEBJNOGG@?$AAc?$AAs?$AAv?$AAI?$AAd?$AAx?$AA?5?$AA?$DO?$AA?$DN?$AA?5?$AA0?$AA?$AA@ 1003942c     rtw_modelmap_utils.obj
 0002:00002448       ??_C@_1BA@KDMGHCHP@?$AAT?$AAI?$AAD?$AA?$DN?$AA?$DN?$AA?9?$AA1?$AA?$AA@ 10039448     rtw_modelmap_utils.obj
 0002:0000245c       ??_C@_1DM@DHGKBPCE@?$AAs?$AAi?$AAg?$AAP?$AAa?$AAt?$AAh?$AA?$FL?$AAs?$AAi?$AAg?$AAP?$AAa?$AAt?$AAh?$AAL?$AAe?$AAn?$AA?9?$AA1?$AA?$FN?$AA?5?$AA?$DN?$AA?$DN?$AA?5?$AA?8?$AA?2?$AA0?$AA?8?$AA?$AA@ 1003945c     rtw_modelmap_utils.obj
 0002:00002594       ??_C@_0P@BHHCACFN@Serial?5Receive?$AA@ 10039594     untitled_capi.obj
 0002:000025a8       ??_C@_0O@PPAIJIHF@unsigned?5char?$AA@ 100395a8     untitled_capi.obj
 0002:000025b8       ??_C@_07NCEHLPOC@uint8_T?$AA@ 100395b8     untitled_capi.obj
 0002:000025c4       ??_C@_05KNFBNCOH@float?$AA@ 100395c4     untitled_capi.obj
 0002:000025cc       _serialfifoground          100395cc     xpc_datatype_ground.obj
 0002:000025d8       _bcmsg1553ground           100395d8     xpc_datatype_ground.obj
 0002:000025e8       _bcstatground              100395e8     xpc_datatype_ground.obj
 0002:00002600       _bmmsg1553ground           10039600     xpc_datatype_ground.obj
 0002:00002620       _ptsetfilename             10039620     xpctarget.obj
 0002:00002624       _xmlfile                   10039624     xpctarget.obj
 0002:0000262c       ??_C@_08GDFANMDE@untitled?$AA@ 1003962c     xpctarget.obj
 0002:00002638       ??_C@_0L@CHBJKKFC@xpceSetVar?$AA@ 10039638     xpctarget.obj
 0002:00002648       ??_C@_03JLBJCOMC@6?45?$AA@ 10039648     xpctarget.obj
 0002:00002650       __real@3fb999999999999a    10039650     xpctarget.obj
 0002:00002660       __real@4059000000000000    10039660     xpctarget.obj
 0002:00002670       _untitled_BIOMAP           10039670     appmappingData.obj
 0002:00002688       _untitled_LBLMAP           10039688     appmappingData.obj
 0002:000026a0       _untitled_SIDMAP           100396a0     appmappingData.obj
 0002:000026b8       _untitled_SBIO             100396b8     appmappingData.obj
 0002:000026c0       _untitled_SLBL             100396c0     appmappingData.obj
 0002:000026c8       _untitled_PTIDSMAP         100396c8     appmappingData.obj
 0002:000026d0       _untitled_PTNAMESMAP       100396d0     appmappingData.obj
 0002:000026d8       _untitled_SPTMAP           100396d8     appmappingData.obj
 0002:000026dc       _untitled_dtmap            100396dc     appmappingData.obj
 0002:000026e8       _appInfo                   100396e8     appmappingData.obj
 0002:0000275c       ??_C@_0CC@DMFKNLL@VendorId?5?$DN?50x?$CFx?0?5DeviceId?5?$DN?50x?$CFx@ 1003975c     xpcruntime:xpcimports.obj
 0002:00002780       ??_C@_0DH@OHCBLNMG@Subsystem?5Device?5ID?5?$DN?50x?$CFx?6Subsy@ 10039780     xpcruntime:xpcimports.obj
 0002:000027b8       ??_C@_0BD@MMMMEFCM@Class?5Code?5?$DN?50x?$CFx?6?$AA@ 100397b8     xpcruntime:xpcimports.obj
 0002:000027cc       ??_C@_0BE@OLDDDNHM@InterruptLine?5?$DN?5?$CFd?6?$AA@ 100397cc     xpcruntime:xpcimports.obj
 0002:000027e0       ??_C@_0BF@OLKLEKBD@bus?5?$DN?5?$CFd?0?5slot?5?$DN?5?$CFd?6?$AA@ 100397e0     xpcruntime:xpcimports.obj
 0002:000027f8       ??_C@_0CE@DGLLGDFH@?5?5?5?5Phys?5?5?5Virtual?5?5?5Length?5IO?1M@ 100397f8     xpcruntime:xpcimports.obj
 0002:0000281c       ??_C@_0BI@FEOPLEMG@?$CF08x?5?$CF08x?5?$CF08x?5?5?5?5?5?5?$CFc?6?$AA@ 1003981c     xpcruntime:xpcimports.obj
 0002:00002834       ??_C@_0BB@BNNCEDPC@rl32eScopeExists?$AA@ 10039834     xpcruntime:xpcimports.obj
 0002:00002848       ??_C@_0BM@FJBFEGFG@rl32eScopeExists?5not?5found?6?$AA@ 10039848     xpcruntime:xpcimports.obj
 0002:00002864       ??_C@_0O@BNNGKJEA@rl32eDefScope?$AA@ 10039864     xpcruntime:xpcimports.obj
 0002:00002874       ??_C@_0BJ@CDNOENKA@rl32eDefScope?5not?5found?6?$AA@ 10039874     xpcruntime:xpcimports.obj
 0002:00002890       ??_C@_0P@CKNKILDP@rl32eAddSignal?$AA@ 10039890     xpcruntime:xpcimports.obj
 0002:000028a0       ??_C@_0BK@GMJAJBAI@rl32eAddSignal?5not?5found?6?$AA@ 100398a0     xpcruntime:xpcimports.obj
 0002:000028bc       ??_C@_0BB@LDMIHGCE@rl32eGetSignalNo?$AA@ 100398bc     xpcruntime:xpcimports.obj
[...]
 0003:00002724       ___lconv_static_W_null     10042724     LIBCMT:lconv.obj
 0003:00002728       ___locale_changed          10042728     LIBCMT:wsetloca.obj
 0003:0000272c       __fmode                    1004272c     LIBCMT:txtmode.obj
 0003:00002740       _CANAC2_2_receiveindex_mb3 10042740     <common>
 0003:00005814       _CANAC2_2_receivemaxindex_mb3 10045814     <common>
 0003:00005820       _CANAC2_2_sendindex_mb3    10045820     <common>
 0003:00005b40       _CANAC2_2_sendmaxindex_mb3 10045b40     <common>
 0003:00005b60       _CANAC2_1_receiveindex_mb3 10045b60     <common>
 0003:00005e80       _CANAC2_1_receivemaxindex_mb3 10045e80     <common>
 0003:00005ea0       _CANAC2_1_sendindex_mb3    10045ea0     <common>
 0003:000061c0       _CANAC2_1_sendmaxindex_mb3 100461c0     <common>
 0003:000061e0       _CANAC2_2_receive_mb3      100461e0     <common>
 0003:00006500       _CANAC2_2_send_mb3         10046500     <common>
 0003:00006820       _CANAC2_1_receive_mb3      10046820     <common>
 0003:00006b40       _CANAC2_1_send_mb3         10046b40     <common>
 0003:00006e60       _CANAC2_2_receiveindex_mb2 10046e60     <common>
 0003:00007180       _CANAC2_2_receivemaxindex_mb2 10047180     <common>
 0003:000071a0       _CANAC2_2_sendindex_mb2    100471a0     <common>
 0003:000074c0       _CANAC2_2_sendmaxindex_mb2 100474c0     <common>
 0003:000074e0       _CANAC2_1_receiveindex_mb2 100474e0     <common>
 0003:00007800       _CANAC2_1_receivemaxindex_mb2 10047800     <common>
 0003:00007820       _CANAC2_1_sendindex_mb2    10047820     <common>
 0003:00007b40       _CANAC2_1_sendmaxindex_mb2 10047b40     <common>
 0003:00007b60       _CANAC2_2_receive_mb2      10047b60     <common>
 0003:00007e80       _CANAC2_2_send_mb2         10047e80     <common>
 0003:000081a0       _CANAC2_1_receive_mb2      100481a0     <common>
 0003:000084c0       _CANAC2_1_send_mb2         100484c0     <common>
 0003:000087e0       _CANAC2_2_receiveindex_mb1 100487e0     <common>
 0003:00008b00       _CANAC2_2_receivemaxindex_mb1 10048b00     <common>
 0003:00008b20       _CANAC2_2_sendindex_mb1    10048b20     <common>
 0003:00008e40       _CANAC2_2_sendmaxindex_mb1 10048e40     <common>
 0003:00008e60       _CANAC2_1_receiveindex_mb1 10048e60     <common>
 0003:00009180       _CANAC2_1_receivemaxindex_mb1 10049180     <common>
 0003:000091a0       _CANAC2_1_sendindex_mb1    100491a0     <common>
 0003:000094c0       _CANAC2_1_sendmaxindex_mb1 100494c0     <common>
 0003:000094e0       _CANAC2_2_receive_mb1      100494e0     <common>
 0003:00009800       _CANAC2_2_send_mb1         10049800     <common>
 0003:00009b20       _CANAC2_1_receive_mb1      10049b20     <common>
 0003:00009e40       _CANAC2_1_send_mb1         10049e40     <common>
 0003:0000a160       _CANAC2_2_receiveindex     1004a160     <common>
 0003:0000a480       _CANAC2_2_receivemaxindex  1004a480     <common>
 0003:0000a4a0       _CANAC2_2_sendindex        1004a4a0     <common>
 0003:0000a7c0       _CANAC2_2_sendmaxindex     1004a7c0     <common>
 0003:0000a7e0       _CANAC2_1_receiveindex     1004a7e0     <common>
 0003:0000ab00       _CANAC2_1_receivemaxindex  1004ab00     <common>
 0003:0000ab20       _CANAC2_1_sendindex        1004ab20     <common>
 0003:0000ae40       _CANAC2_1_sendmaxindex     1004ae40     <common>
 0003:0000ae60       _CANAC2_2_receive          1004ae60     <common>
 0003:0000b180       _CANAC2_2_send             1004b180     <common>
 0003:0000b4a0       _CANAC2_1_receive          1004b4a0     <common>
 0003:0000b7c0       _CANAC2_1_send             1004b7c0     <common>
 0003:0000bae0       _siepowercan_can_object_buffer_port2 1004bae0     <common>
 0003:0000fb00       _siepowercan_can_object_buffer_port1 1004fb00     <common>
 0003:00013b00       _rtNaNF                    10053b00     <common>
 0003:00013b14       _rtMinusInfF               10053b14     <common>
 0003:00013b18       _rtInfF                    10053b18     <common>
 0003:00013b20       _rtNaN                     10053b20     <common>
 0003:00013b28       _rtMinusInf                10053b28     <common>
 0003:00013b30       _rtInf                     10053b30     <common>
 0003:00013b40       _untitled_M_               10053b40     <common>
 0003:00013e65       _untitled_DW               10053e65     <common>
 0003:00013e66       _untitled_B                10053e66     <common>
 0003:00013e68       _socket                    10053e68     <common>
 0003:00013ec8       _inet_addr                 10053ec8     <common>
 0003:00013ecc       _sendto                    10053ecc     <common>
 0003:00013ed0       _recvfrom                  10053ed0     <common>
 0003:00013ed4       _listen                    10053ed4     <common>
 0003:00013ed8       _ioctlsocket               10053ed8     <common>
 0003:00013edc       _connect                   10053edc     <common>
 0003:00013ee0       _closesocket               10053ee0     <common>
 0003:00013ee4       _setsockopt                10053ee4     <common>
 0003:00013ee8       _bind                      10053ee8     <common>
 0003:00013eec       _accept                    10053eec     <common>
 0003:00013ef0       _GetHostTarIPAdd           10053ef0     <common>
 0003:00013ef4       _GetDCUUsage               10053ef4     <common>
 0003:00013ef8       _DeleteRoute               10053ef8     <common>
 0003:00013efc       _AddGatewayRoute           10053efc     <common>
 0003:00013f00       _SetIP                     10053f00     <common>
 0003:00013f04       _CloseInterface            10053f04     <common>
 0003:00013f08       _OpenInterface             10053f08     <common>
 0003:00013f0c       _SetIPTASKPriority         10053f0c     <common>
 0003:00013f10       _isUsedByRTIP              10053f10     <common>
 0003:00013f14       _getlasterror              10053f14     <common>
 0003:00013f18       _slrtfsGetFileStatus       10053f18     <common>
 0003:00013f1c       _slrtfsOpenFileAsync       10053f1c     <common>
 0003:00013f20       _slrtfsCloseFileAsync      10053f20     <common>
 0003:00013f24       _slrtfsGetFileErrorMessage 10053f24     <common>
 0003:00013f28       _slrtfsGetFileError        10053f28     <common>
 0003:00013f2c       _slrtfsWriteToFile         10053f2c     <common>
 0003:00013f30       _slrtfsCloseFile           10053f30     <common>
 0003:00013f34       _slrtfsOpenFile            10053f34     <common>
 0003:00013f38       _slrtGetSgCRBSpace         10053f38     <common>
 0003:00013f3c       _slrtGetCRBScratchSpace    10053f3c     <common>
 0003:00013f40       _slrteSetupMSI             10053f40     <common>
 0003:00013f44       _slTestRegAssessment       10053f44     <common>
 0003:00013f48       _slTestTerminate           10053f48     <common>
 0003:00013f4c       _slTestEvalOnFail          10053f4c     <common>
 0003:00013f50       _slTestLogAssessments      10053f50     <common>
 0003:00013f54       _slTestInitialize          10053f54     <common>
 0003:00013f58       _unRegisterPTPTimeRead     10053f58     <common>
 0003:00013f5c       _registerPTPTimeRead       10053f5c     <common>
 0003:00013f60       _slrteGetCurrentStepSize   10053f60     <common>
 0003:00013f64       _slrteSetStepSizeDelta     10053f64     <common>
 0003:00013f68       _xpceGetIntTimerGranularityNS 10053f68     <common>
 0003:00013f6c       _sendToAsyncQueueTgtAppSvc 10053f6c     <common>
 0003:00013f70       _terminateToAsyncQueueTgtAppSvc 10053f70     <common>
 0003:00013f74       _startToAsyncQueueTgtAppSvc 10053f74     <common>
 0003:00013f78       _getStatusFlags            10053f78     <common>
 0003:00013f7c       _getCommService            10053f7c     <common>
 0003:00013f80       _getMemoryService          10053f80     <common>
 0003:00013f84       _StreamVideo               10053f84     <common>
 0003:00013f88       _StopVideoDisplay          10053f88     <common>
 0003:00013f8c       _StartVideoDisplay         10053f8c     <common>
 0003:00013f90       _DestroyVideoDisplay       10053f90     <common>
 0003:00013f94       _CreateVideoDisplay        10053f94     <common>
 0003:00013f98       _ConvertUImage             10053f98     <common>
 0003:00013f9c       _StopVideo                 10053f9c     <common>
 0003:00013fa0       _ReadFrameBuffer           10053fa0     <common>
 0003:00013fa4       _StartVideo                10053fa4     <common>
 0003:00013fa8       _GetVideoConfigs           10053fa8     <common>
 0003:00013fac       _FindUsbVideoDevice        10053fac     <common>
 0003:00013fb0       _xpceDeleteSemaphore       10053fb0     <common>
 0003:00013fb4       _xpceSignalSemaphore       10053fb4     <common>
 0003:00013fb8       _xpceWaitSemaphore         10053fb8     <common>
 0003:00013fbc       _xpceCreateSemaphore       10053fbc     <common>
 0003:00013fc0       _TBGiveSpinFast            10053fc0     <common>
 0003:00013fc4       _TBTakeSpinFast            10053fc4     <common>
 0003:00013fc8       _TBDeleteSpin              10053fc8     <common>
 0003:00013fcc       _TBCreateSpin              10053fcc     <common>
 0003:00013fd0       _xpceScopeAcqOK            10053fd0     <common>
 0003:00013fd4       _rl32eRestartAcquisition   10053fd4     <common>
 0003:00013fd8       _rl32eSetTargetScopeSigFt  10053fd8     <common>
 0003:00013fdc       _rl32eSetTargetScope       10053fdc     <common>
 0003:00013fe0       _xpceFSScopeSet            10053fe0     <common>
 0003:00013fe4       _rl32eSetScope             10053fe4     <common>
 0003:00013fe8       _rl32eAddSignal            10053fe8     <common>
 0003:00013fec       _rl32eGetSignalNo          10053fec     <common>
 0003:00013ff0       _rl32eDefScope             10053ff0     <common>
 0003:00013ff4       _rl32eScopeExists          10053ff4     <common>
 0003:00013ff8       _xpceGetParamDims          10053ff8     <common>
 0003:00013ffc       _xpceGetParameter          10053ffc     <common>
 0003:00014000       _xpceSetParameter          10054000     <common>
 0003:00014004       _xpceGetSignalValue        10054004     <common>
 0003:00014008       _xpceAssignPCIInterrupt    10054008     <common>
 0003:0001400c       _rl32eGetPCIInfoAtSlot     1005400c     <common>
 0003:00014010       _rl32eGetPCIInfo           10054010     <common>
 0003:00014014       _rl32eShowPCIInfo          10054014     <common>
 0003:00014018       _rl32eShowPCIDev           10054018     <common>
 0003:0001401c       _xpceGetTET                1005401c     <common>
 0003:00014020       _xpceaddEvent              10054020     <common>
 0003:00014024       _xpceDeRegisterISR         10054024     <common>
 0003:00014028       _xpceRegisterISR           10054028     <common>
 0003:0001402c       _xpcIsModelInit            1005402c     <common>
 0003:00014030       _xpcGetElapsedTime         10054030     <common>
 0003:00014034       _xpcBusyWait               10054034     <common>
 0003:00014038       _xpcFreePhysicalMemory     10054038     <common>
 0003:0001403c       _xpcAllocPhysicalMemory    1005403c     <common>
 0003:00014040       _xpcReserveMemoryRegion    10054040     <common>
 0003:00014044       _xpcOutpB                  10054044     <common>
 0003:00014048       _xpcOutpW                  10054048     <common>
 0003:0001404c       _xpcOutpDW                 1005404c     <common>
 0003:00014050       _xpcInpB                   10054050     <common>
 0003:00014054       _xpcInpW                   10054054     <common>
 0003:00014058       _xpcInpDW                  10054058     <common>
 0003:0001405c       ___unguarded_readlc_active 1005405c     <common>
 0003:0001406c       ___setlc_active            1005406c     <common>
 0003:00014070       __nhandle                  10054070     <common>
 0003:000140c0       ___pioinfo                 100540c0     <common>
 0003:000141c0       __pDestructExceptionObject 100541c0     <common>
 0003:000141cc       __debugger_hook_dummy      100541cc     <common>
 0003:000141d8       __acmdln                   100541d8     <common>
 0003:000141e4       ___piob                    100541e4     <common>
 0003:00014524       __nstream                  10054524     <common>
 0003:00014540       __bufin                    10054540     <common>
 0003:00015540       ___dyn_tls_init_callback   10055540     <common>
 0003:00015550       ___onexitend               10055550     <common>
 0003:00015554       ___onexitbegin             10055554     <common>
 0003:00015558       ___mbctype_initialized     10055558     <common>
 0003:0001555c       ___env_initialized         1005555c     <common>
 0004:00000000       __IMPORT_DESCRIPTOR_KERNEL32 10056000     kernel32:KERNEL32.dll
 0004:00000014       __NULL_IMPORT_DESCRIPTOR   10056014     kernel32:KERNEL32.dll
 0004:000001e4       __imp__GetModuleHandleA@4  100561e4     kernel32:KERNEL32.dll
 0004:000001e8       __imp__GetProcAddress@8    100561e8     kernel32:KERNEL32.dll
 0004:000001ec       __imp__HeapAlloc@12        100561ec     kernel32:KERNEL32.dll
 0004:000001f0       __imp__IsDebuggerPresent@0 100561f0     kernel32:KERNEL32.dll
 0004:000001f4       __imp__IsProcessorFeaturePresent@4 100561f4     kernel32:KERNEL32.dll
 0004:000001f8       __imp__EncodePointer@4     100561f8     kernel32:KERNEL32.dll
 0004:000001fc       __imp__DecodePointer@4     100561fc     kernel32:KERNEL32.dll
 0004:00000200       __imp__GetLastError@0      10056200     kernel32:KERNEL32.dll
 0004:00000204       __imp__InterlockedDecrement@4 10056204     kernel32:KERNEL32.dll
 0004:00000208       __imp__ExitProcess@4       10056208     kernel32:KERNEL32.dll
 0004:0000020c       __imp__GetModuleHandleExW@12 1005620c     kernel32:KERNEL32.dll
 0004:00000210       __imp__AreFileApisANSI@0   10056210     kernel32:KERNEL32.dll
 0004:00000214       __imp__MultiByteToWideChar@24 10056214     kernel32:KERNEL32.dll
 0004:00000218       __imp__HeapFree@12         10056218     kernel32:KERNEL32.dll
 0004:0000021c       __imp__HeapReAlloc@16      1005621c     kernel32:KERNEL32.dll
 0004:00000220       __imp__EnterCriticalSection@4 10056220     kernel32:KERNEL32.dll
 0004:00000224       __imp__LeaveCriticalSection@4 10056224     kernel32:KERNEL32.dll
 0004:00000228       __imp__GetStdHandle@4      10056228     kernel32:KERNEL32.dll
 0004:0000022c       __imp__GetFileType@4       1005622c     kernel32:KERNEL32.dll
 0004:00000230       __imp__GetModuleFileNameW@12 10056230     kernel32:KERNEL32.dll
 0004:00000234       __imp__WriteConsoleW@20    10056234     kernel32:KERNEL32.dll
 0004:00000238       __imp__GetCommandLineA@0   10056238     kernel32:KERNEL32.dll
 0004:0000023c       __imp__GetCurrentThreadId@0 1005623c     kernel32:KERNEL32.dll
 0004:00000240       __imp__WriteFile@20        10056240     kernel32:KERNEL32.dll
 0004:00000244       __imp__GetProcessHeap@0    10056244     kernel32:KERNEL32.dll
 0004:00000248       __imp__UnhandledExceptionFilter@4 10056248     kernel32:KERNEL32.dll
 0004:0000024c       __imp__SetUnhandledExceptionFilter@4 1005624c     kernel32:KERNEL32.dll
 0004:00000250       __imp__FlsAlloc@4          10056250     kernel32:KERNEL32.dll
 0004:00000254       __imp__FlsGetValue@4       10056254     kernel32:KERNEL32.dll
 0004:00000258       __imp__FlsSetValue@8       10056258     kernel32:KERNEL32.dll
 0004:0000025c       __imp__FlsFree@4           1005625c     kernel32:KERNEL32.dll
 0004:00000260       __imp__GetCurrentProcess@0 10056260     kernel32:KERNEL32.dll
 0004:00000264       __imp__TerminateProcess@8  10056264     kernel32:KERNEL32.dll
 0004:00000268       __imp__GetStartupInfoW@4   10056268     kernel32:KERNEL32.dll
 0004:0000026c       __imp__GetModuleHandleW@4  1005626c     kernel32:KERNEL32.dll
 0004:00000270       __imp__InitializeCriticalSectionAndSpinCount@8 10056270     kernel32:KERNEL32.dll
 0004:00000274       __imp__DeleteCriticalSection@4 10056274     kernel32:KERNEL32.dll
 0004:00000278       __imp__FatalAppExitA@8     10056278     kernel32:KERNEL32.dll
 0004:0000027c       __imp__Sleep@4             1005627c     kernel32:KERNEL32.dll
 0004:00000280       __imp__InterlockedExchange@8 10056280     kernel32:KERNEL32.dll
 0004:00000284       __imp__FreeLibrary@4       10056284     kernel32:KERNEL32.dll
 0004:00000288       __imp__LoadLibraryExW@12   10056288     kernel32:KERNEL32.dll
 0004:0000028c       __imp__SetConsoleCtrlHandler@8 1005628c     kernel32:KERNEL32.dll
 0004:00000290       __imp__InterlockedIncrement@4 10056290     kernel32:KERNEL32.dll
 0004:00000294       __imp__IsValidCodePage@4   10056294     kernel32:KERNEL32.dll
 0004:00000298       __imp__GetACP@0            10056298     kernel32:KERNEL32.dll
 0004:0000029c       __imp__GetOEMCP@0          1005629c     kernel32:KERNEL32.dll
 0004:000002a0       __imp__GetCPInfo@8         100562a0     kernel32:KERNEL32.dll
 0004:000002a4       __imp__CloseHandle@4       100562a4     kernel32:KERNEL32.dll
 0004:000002a8       __imp__RtlUnwind@16        100562a8     kernel32:KERNEL32.dll
 0004:000002ac       __imp__InitOnceExecuteOnce@16 100562ac     kernel32:KERNEL32.dll
 0004:000002b0       __imp__ReadFile@20         100562b0     kernel32:KERNEL32.dll
 0004:000002b4       __imp__GetConsoleMode@8    100562b4     kernel32:KERNEL32.dll
 0004:000002b8       __imp__ReadConsoleW@20     100562b8     kernel32:KERNEL32.dll
 0004:000002bc       __imp__WideCharToMultiByte@32 100562bc     kernel32:KERNEL32.dll
 0004:000002c0       __imp__GetConsoleCP@0      100562c0     kernel32:KERNEL32.dll
 0004:000002c4       __imp__DeleteFileW@4       100562c4     kernel32:KERNEL32.dll
 0004:000002c8       __imp__SetFilePointer@16   100562c8     kernel32:KERNEL32.dll
 0004:000002cc       __imp__RaiseException@16   100562cc     kernel32:KERNEL32.dll
 0004:000002d0       __imp__OutputDebugStringW@4 100562d0     kernel32:KERNEL32.dll
 0004:000002d4       __imp__LoadLibraryW@4      100562d4     kernel32:KERNEL32.dll
 0004:000002d8       __imp__SetLastError@4      100562d8     kernel32:KERNEL32.dll
 0004:000002dc       __imp__GetCurrentThread@0  100562dc     kernel32:KERNEL32.dll
 0004:000002e0       __imp__GetModuleFileNameA@12 100562e0     kernel32:KERNEL32.dll
 0004:000002e4       __imp__QueryPerformanceCounter@4 100562e4     kernel32:KERNEL32.dll
 0004:000002e8       __imp__GetSystemTimeAsFileTime@4 100562e8     kernel32:KERNEL32.dll
 0004:000002ec       __imp__GetTickCount64@0    100562ec     kernel32:KERNEL32.dll
 0004:000002f0       __imp__GetEnvironmentStringsW@0 100562f0     kernel32:KERNEL32.dll
 0004:000002f4       __imp__FreeEnvironmentStringsW@4 100562f4     kernel32:KERNEL32.dll
 0004:000002f8       __imp__HeapSize@12         100562f8     kernel32:KERNEL32.dll
 0004:000002fc       __imp__GetTimeFormatEx@24  100562fc     kernel32:KERNEL32.dll
 0004:00000300       __imp__GetDateFormatEx@28  10056300     kernel32:KERNEL32.dll
 0004:00000304       __imp__CompareStringEx@36  10056304     kernel32:KERNEL32.dll
 0004:00000308       __imp__GetLocaleInfoEx@16  10056308     kernel32:KERNEL32.dll
 0004:0000030c       __imp__GetUserDefaultLocaleName@8 1005630c     kernel32:KERNEL32.dll
 0004:00000310       __imp__LCMapStringEx@36    10056310     kernel32:KERNEL32.dll
 0004:00000314       __imp__IsValidLocaleName@4 10056314     kernel32:KERNEL32.dll
 0004:00000318       __imp__EnumSystemLocalesEx@16 10056318     kernel32:KERNEL32.dll
 0004:0000031c       __imp__GetStringTypeW@16   1005631c     kernel32:KERNEL32.dll
 0004:00000320       __imp__FlushFileBuffers@4  10056320     kernel32:KERNEL32.dll
 0004:00000324       __imp__SetStdHandle@8      10056324     kernel32:KERNEL32.dll
 0004:00000328       __imp__SetFilePointerEx@20 10056328     kernel32:KERNEL32.dll
 0004:0000032c       __imp__CreateFileW@28      1005632c     kernel32:KERNEL32.dll
 0004:00000330       __imp__SetEndOfFile@4      10056330     kernel32:KERNEL32.dll
 0004:00000334       \177KERNEL32_NULL_THUNK_DATA 10056334     kernel32:KERNEL32.dll

 entry point at        0001:0000e74b

